INFO  Diffblue Cover 2025.12.02-74144f0-licensed
INFO  
INFO  Command: issues
INFO  Output a prioritized list of issues.
INFO  
INFO  Discovered modules:
INFO  - org.symphonyoss.symphony:messageml
INFO  
INFO  
INFO  [1/1] Diagnosing issues for module: org.symphonyoss.symphony:messageml
INFO  ======================================================================
INFO  
INFO  Detected Java version 11.0.29
INFO  Selected build system: Maven
INFO  Reading report file '/home/jbergqvist/diffblue/finos-messageml-utils/.diffblue/reports/report.json'
INFO  Copied report file to '/home/jbergqvist/diffblue/finos-messageml-utils/.diffblue/reports/report-20260109T164253.json'
INFO  
INFO  R083: Can't find a suitable constructor
      Diffblue Cover was unable to construct an instance of EntityJsonContext.
      No suitable constructor or factory method found. Please check that the class
      under test has a non-private constructor or factory method.
      See https://diff.blue/R083 for further troubleshooting of this issue.
      
INFO  Affected methods:
      org.symphonyoss.symphony.entityjson.EntityJsonContext.getInstanceJsonNode:()Lcom/fasterxml/jackson/databind/node/ObjectNode;
      org.symphonyoss.symphony.entityjson.EntityJsonContext.getInstanceSource:()Ljava/lang/Object;
      org.symphonyoss.symphony.entityjson.EntityJsonContext.getSchemaJsonNode:()Lcom/fasterxml/jackson/databind/node/ObjectNode;
      org.symphonyoss.symphony.entityjson.EntityJsonContext.getSchemaSource:()Ljava/lang/Object;
      org.symphonyoss.symphony.entityjson.EntityJsonContext.getValidationResult:()Ljava/lang/Object;
      org.symphonyoss.symphony.entityjson.EntityJsonContext.withValidationResult:(Ljava/lang/Object;)Lorg/symphonyoss/symphony/entityjson/IEntityJsonSchemaContext;
      
INFO  To resolve the issue, use the following prompt with your AI assistant:
      
      Fix the following issue preventing test creation for:
      org.symphonyoss.symphony.entityjson.EntityJsonContext.getInstanceJsonNode:()Lcom/fasterxml/jackson/databind/node/ObjectNode;
      org.symphonyoss.symphony.entityjson.EntityJsonContext.getInstanceSource:()Ljava/lang/Object;
      org.symphonyoss.symphony.entityjson.EntityJsonContext.getSchemaJsonNode:()Lcom/fasterxml/jackson/databind/node/ObjectNode;
      org.symphonyoss.symphony.entityjson.EntityJsonContext.getSchemaSource:()Ljava/lang/Object;
      org.symphonyoss.symphony.entityjson.EntityJsonContext.getValidationResult:()Ljava/lang/Object;
      org.symphonyoss.symphony.entityjson.EntityJsonContext.withValidationResult:(Ljava/lang/Object;)Lorg/symphonyoss/symphony/entityjson/IEntityJsonSchemaContext;
      
      Diffblue Cover was unable to construct an instance of EntityJsonContext.
      No suitable constructor or factory method found. Please check that the class
      under test has a non-private constructor or factory method.
      See https://diff.blue/R083 for further troubleshooting of this issue.
      
INFO  
INFO  R013: No inputs found that don't throw a trivial exception
      Diffblue Cover tried to run the arrange/act section, but the test threw
      java.lang.IndexOutOfBoundsException: Index 1 out of bounds for length 0
          at jdk.internal.util.Preconditions.outOfBounds(Preconditions.java:64)
          at jdk.internal.util.Preconditions.outOfBoundsCheckIndex(Preconditions.java:70)
          at jdk.internal.util.Preconditions.checkIndex(Preconditions.java:248)
          at java.util.Objects.checkIndex(Objects.java:374)
          at java.util.ArrayList.get(ArrayList.java:459)
          at java.util.Collections$UnmodifiableList.get(Collections.java:1310)
          at org.symphonyoss.symphony.entityjson.EntityJson.get(EntityJson.java:172)
      In order to prevent the method under test
      from throwing IndexOutOfBoundsException, add constructors or factory
      methods that make it easier to construct fully initialized objects used in
      the method under test.
      See https://diff.blue/R013 to resolve this issue.
      
INFO  Affected methods:
      org.symphonyoss.symphony.entityjson.EntityJson.get:(I)Lorg/symphonyoss/symphony/entityjson/StructuredObject;
      
INFO  To resolve the issue, use the following prompt with your AI assistant:
      
      We are unit testing `org.symphonyoss.symphony.entityjson.EntityJson.get:(I)Lorg/symphonyoss/symphony/entityjson/StructuredObject;`.
      
      Create a parameterless factory method for the problematic
      parameter/this object, determining which by reading the error message below.
      The new factory method should be in the test classpath, not production.
      Create a new factory class if there isn't already one for the class under test.
      Do not create a test yourself, only a factory (don't test the factory either).
      The factory must be annotated with `@com.diffblue.cover.annotations.InterestingTestFactory`.
      Avoid using mocks, these tend to produce unused stubbing errors or a
      `java.lang.NullPointerException`.
      If your environment has internet access then further documentation on
      factory methods for Cover can be found here:
      https://docs.diffblue.com/features/tutorials/increase-code-coverage#test-factory-pattern
      
      The factory should produce a parameter/this object such that
      the following exception does not occur:
      
      ```
      java.lang.IndexOutOfBoundsException: Index 1 out of bounds for length 0
        at jdk.internal.util.Preconditions.outOfBounds(Preconditions.java:64)
        at jdk.internal.util.Preconditions.outOfBoundsCheckIndex(Preconditions.java:70)
        at jdk.internal.util.Preconditions.checkIndex(Preconditions.java:248)
        at java.util.Objects.checkIndex(Objects.java:374)
        at java.util.ArrayList.get(ArrayList.java:459)
        at java.util.Collections$UnmodifiableList.get(Collections.java:1310)
        at org.symphonyoss.symphony.entityjson.EntityJson.get(EntityJson.java:172)
      ```
      
      Recompile the project to make sure the new factory is available to Cover.
      For example run `mvn install -DskipTests` or `gradle install -x test`.
      
INFO  
INFO  R013: No inputs found that don't throw a trivial exception
      Diffblue Cover tried to run the arrange/act section, but the test threw
      java.lang.NullPointerException
          at org.symphonyoss.symphony.entityjson.StructuredObject.<init>(StructuredObject.java:81)
          at org.symphonyoss.symphony.entityjson.StructuredObject.<init>(StructuredObject.java:72)
      In order to prevent the method under test
      from throwing NullPointerException, add constructors or factory
      methods that make it easier to construct fully initialized objects used in
      the method under test.
      See https://diff.blue/R013 to resolve this issue.
      
INFO  Affected methods:
      org.symphonyoss.symphony.entityjson.StructuredObject.validate:(Lorg/symphonyoss/symphony/entityjson/EntityJsonParser;)Lorg/symphonyoss/symphony/entityjson/IEntityJsonSchemaContext;
      
INFO  To resolve the issue, use the following prompt with your AI assistant:
      
      We are unit testing `org.symphonyoss.symphony.entityjson.StructuredObject.validate:(Lorg/symphonyoss/symphony/entityjson/EntityJsonParser;)Lorg/symphonyoss/symphony/entityjson/IEntityJsonSchemaContext;`.
      
      Create a parameterless factory method for the problematic
      parameter/this object, determining which by reading the error message below.
      The new factory method should be in the test classpath, not production.
      Create a new factory class if there isn't already one for the class under test.
      Do not create a test yourself, only a factory (don't test the factory either).
      The factory must be annotated with `@com.diffblue.cover.annotations.InterestingTestFactory`.
      Avoid using mocks, these tend to produce unused stubbing errors or a
      `java.lang.NullPointerException`.
      If your environment has internet access then further documentation on
      factory methods for Cover can be found here:
      https://docs.diffblue.com/features/tutorials/increase-code-coverage#test-factory-pattern
      
      The factory should produce a parameter/this object such that
      the following exception does not occur:
      
      ```
      java.lang.NullPointerException
        at org.symphonyoss.symphony.entityjson.StructuredObject.<init>(StructuredObject.java:81)
        at org.symphonyoss.symphony.entityjson.StructuredObject.<init>(StructuredObject.java:72)
      ```
      
      Recompile the project to make sure the new factory is available to Cover.
      For example run `mvn install -DskipTests` or `gradle install -x test`.
      
INFO  
INFO  R013: No inputs found that don't throw a trivial exception
      Diffblue Cover tried to run the arrange/act section, but the test threw
      org.symphonyoss.symphony.messageml.exceptions.InvalidInputException: Invalid messageML: The markup in the document preceding the root element must be well-formed.
          at org.symphonyoss.symphony.messageml.MessageMLParser.parseDocument(MessageMLParser.java:406)
          at org.symphonyoss.symphony.messageml.MessageMLParser.parseMessageML(MessageMLParser.java:352)
          at org.symphonyoss.symphony.messageml.MessageMLParser.parse(MessageMLParser.java:204)
          at org.symphonyoss.symphony.messageml.MessageMLContext.parseMessageML(MessageMLContext.java:80)
      In order to prevent the method under test
      from throwing InvalidInputException, add constructors or factory
      methods that make it easier to construct fully initialized objects used in
      the method under test.
      See https://diff.blue/R013 to resolve this issue.
      
INFO  Affected methods:
      org.symphonyoss.symphony.messageml.MessageMLContext.parseMessageML:(Ljava/lang/String;Ljava/lang/String;Ljava/lang/String;)V
      
INFO  To resolve the issue, use the following prompt with your AI assistant:
      
      We are unit testing `org.symphonyoss.symphony.messageml.MessageMLContext.parseMessageML:(Ljava/lang/String;Ljava/lang/String;Ljava/lang/String;)V`.
      
      Create a parameterless factory method for the problematic
      parameter/this object, determining which by reading the error message below.
      The new factory method should be in the test classpath, not production.
      Create a new factory class if there isn't already one for the class under test.
      Do not create a test yourself, only a factory (don't test the factory either).
      The factory must be annotated with `@com.diffblue.cover.annotations.InterestingTestFactory`.
      Avoid using mocks, these tend to produce unused stubbing errors or a
      `java.lang.NullPointerException`.
      If your environment has internet access then further documentation on
      factory methods for Cover can be found here:
      https://docs.diffblue.com/features/tutorials/increase-code-coverage#test-factory-pattern
      
      The factory should produce a parameter/this object such that
      the following exception does not occur:
      
      ```
      org.symphonyoss.symphony.messageml.exceptions.InvalidInputException: Invalid messageML: The markup in the document preceding the root element must be well-formed.
        at org.symphonyoss.symphony.messageml.MessageMLParser.parseDocument(MessageMLParser.java:406)
        at org.symphonyoss.symphony.messageml.MessageMLParser.parseMessageML(MessageMLParser.java:352)
        at org.symphonyoss.symphony.messageml.MessageMLParser.parse(MessageMLParser.java:204)
        at org.symphonyoss.symphony.messageml.MessageMLContext.parseMessageML(MessageMLContext.java:80)
      org.xml.sax.SAXParseException: The markup in the document preceding the root element must be well-formed.
        at com.sun.org.apache.xerces.internal.parsers.DOMParser.parse(DOMParser.java:261)
        at com.sun.org.apache.xerces.internal.jaxp.DocumentBuilderImpl.parse(DocumentBuilderImpl.java:339)
        at javax.xml.parsers.DocumentBuilder.parse(DocumentBuilder.java:122)
        at org.symphonyoss.symphony.messageml.MessageMLParser.parseDocument(MessageMLParser.java:399)
        at org.symphonyoss.symphony.messageml.MessageMLParser.parseMessageML(MessageMLParser.java:352)
        at org.symphonyoss.symphony.messageml.MessageMLParser.parse(MessageMLParser.java:204)
        at org.symphonyoss.symphony.messageml.MessageMLContext.parseMessageML(MessageMLContext.java:80)
      ```
      
      Recompile the project to make sure the new factory is available to Cover.
      For example run `mvn install -DskipTests` or `gradle install -x test`.
      
INFO  
INFO  R013: No inputs found that don't throw a trivial exception
      Diffblue Cover tried to run the arrange/act section, but the test threw
      java.lang.NullPointerException
          at org.symphonyoss.symphony.messageml.MessageMLParser.getAllSplittableAttributes(MessageMLParser.java:693)
      In order to prevent the method under test
      from throwing NullPointerException, add constructors or factory
      methods that make it easier to construct fully initialized objects used in
      the method under test.
      See https://diff.blue/R013 to resolve this issue.
      
INFO  Affected methods:
      org.symphonyoss.symphony.messageml.MessageMLParser.getAllSplittableAttributes:(Ljava/lang/String;)Ljava/util/Optional;
      
INFO  To resolve the issue, use the following prompt with your AI assistant:
      
      We are unit testing `org.symphonyoss.symphony.messageml.MessageMLParser.getAllSplittableAttributes:(Ljava/lang/String;)Ljava/util/Optional;`.
      
      Create a parameterless factory method for the problematic
      parameter/this object, determining which by reading the error message below.
      The new factory method should be in the test classpath, not production.
      Create a new factory class if there isn't already one for the class under test.
      Do not create a test yourself, only a factory (don't test the factory either).
      The factory must be annotated with `@com.diffblue.cover.annotations.InterestingTestFactory`.
      Avoid using mocks, these tend to produce unused stubbing errors or a
      `java.lang.NullPointerException`.
      If your environment has internet access then further documentation on
      factory methods for Cover can be found here:
      https://docs.diffblue.com/features/tutorials/increase-code-coverage#test-factory-pattern
      
      The factory should produce a parameter/this object such that
      the following exception does not occur:
      
      ```
      java.lang.NullPointerException
        at org.symphonyoss.symphony.messageml.MessageMLParser.getAllSplittableAttributes(MessageMLParser.java:693)
      ```
      
      Recompile the project to make sure the new factory is available to Cover.
      For example run `mvn install -DskipTests` or `gradle install -x test`.
      
INFO  
INFO  R013: No inputs found that don't throw a trivial exception
      Diffblue Cover tried to run the arrange/act section, but the test threw
      java.lang.NullPointerException
          at org.symphonyoss.symphony.messageml.MessageMLParser.getAllSplittableValues(MessageMLParser.java:706)
      In order to prevent the method under test
      from throwing NullPointerException, add constructors or factory
      methods that make it easier to construct fully initialized objects used in
      the method under test.
      See https://diff.blue/R013 to resolve this issue.
      
INFO  Affected methods:
      org.symphonyoss.symphony.messageml.MessageMLParser.getAllSplittableValues:(Ljava/lang/String;)Ljava/util/Optional;
      
INFO  To resolve the issue, use the following prompt with your AI assistant:
      
      We are unit testing `org.symphonyoss.symphony.messageml.MessageMLParser.getAllSplittableValues:(Ljava/lang/String;)Ljava/util/Optional;`.
      
      Create a parameterless factory method for the problematic
      parameter/this object, determining which by reading the error message below.
      The new factory method should be in the test classpath, not production.
      Create a new factory class if there isn't already one for the class under test.
      Do not create a test yourself, only a factory (don't test the factory either).
      The factory must be annotated with `@com.diffblue.cover.annotations.InterestingTestFactory`.
      Avoid using mocks, these tend to produce unused stubbing errors or a
      `java.lang.NullPointerException`.
      If your environment has internet access then further documentation on
      factory methods for Cover can be found here:
      https://docs.diffblue.com/features/tutorials/increase-code-coverage#test-factory-pattern
      
      The factory should produce a parameter/this object such that
      the following exception does not occur:
      
      ```
      java.lang.NullPointerException
        at org.symphonyoss.symphony.messageml.MessageMLParser.getAllSplittableValues(MessageMLParser.java:706)
      ```
      
      Recompile the project to make sure the new factory is available to Cover.
      For example run `mvn install -DskipTests` or `gradle install -x test`.
      
INFO  
INFO  R013: No inputs found that don't throw a trivial exception
      Diffblue Cover tried to run the arrange/act section, but the test threw
      java.lang.NullPointerException
          at org.symphonyoss.symphony.messageml.MessageMLParser.getSplittableAttributes(MessageMLParser.java:680)
      In order to prevent the method under test
      from throwing NullPointerException, add constructors or factory
      methods that make it easier to construct fully initialized objects used in
      the method under test.
      See https://diff.blue/R013 to resolve this issue.
      
INFO  Affected methods:
      org.symphonyoss.symphony.messageml.MessageMLParser.getSplittableAttributes:(Ljava/lang/String;Ljava/lang/Class;)Ljava/util/Optional;
      
INFO  To resolve the issue, use the following prompt with your AI assistant:
      
      We are unit testing `org.symphonyoss.symphony.messageml.MessageMLParser.getSplittableAttributes:(Ljava/lang/String;Ljava/lang/Class;)Ljava/util/Optional;`.
      
      Create a parameterless factory method for the problematic
      parameter/this object, determining which by reading the error message below.
      The new factory method should be in the test classpath, not production.
      Create a new factory class if there isn't already one for the class under test.
      Do not create a test yourself, only a factory (don't test the factory either).
      The factory must be annotated with `@com.diffblue.cover.annotations.InterestingTestFactory`.
      Avoid using mocks, these tend to produce unused stubbing errors or a
      `java.lang.NullPointerException`.
      If your environment has internet access then further documentation on
      factory methods for Cover can be found here:
      https://docs.diffblue.com/features/tutorials/increase-code-coverage#test-factory-pattern
      
      The factory should produce a parameter/this object such that
      the following exception does not occur:
      
      ```
      java.lang.NullPointerException
        at org.symphonyoss.symphony.messageml.MessageMLParser.getSplittableAttributes(MessageMLParser.java:680)
      ```
      
      Recompile the project to make sure the new factory is available to Cover.
      For example run `mvn install -DskipTests` or `gradle install -x test`.
      
INFO  
INFO  R013: No inputs found that don't throw a trivial exception
      Diffblue Cover tried to run the arrange/act section, but the test threw
      java.lang.NullPointerException
          at org.symphonyoss.symphony.messageml.MessageMLParser.loadElementId(MessageMLParser.java:668)
      In order to prevent the method under test
      from throwing NullPointerException, add constructors or factory
      methods that make it easier to construct fully initialized objects used in
      the method under test.
      See https://diff.blue/R013 to resolve this issue.
      
INFO  Affected methods:
      org.symphonyoss.symphony.messageml.MessageMLParser.loadElementId:(Ljava/lang/String;)V
      
INFO  To resolve the issue, use the following prompt with your AI assistant:
      
      We are unit testing `org.symphonyoss.symphony.messageml.MessageMLParser.loadElementId:(Ljava/lang/String;)V`.
      
      Create a parameterless factory method for the problematic
      parameter/this object, determining which by reading the error message below.
      The new factory method should be in the test classpath, not production.
      Create a new factory class if there isn't already one for the class under test.
      Do not create a test yourself, only a factory (don't test the factory either).
      The factory must be annotated with `@com.diffblue.cover.annotations.InterestingTestFactory`.
      Avoid using mocks, these tend to produce unused stubbing errors or a
      `java.lang.NullPointerException`.
      If your environment has internet access then further documentation on
      factory methods for Cover can be found here:
      https://docs.diffblue.com/features/tutorials/increase-code-coverage#test-factory-pattern
      
      The factory should produce a parameter/this object such that
      the following exception does not occur:
      
      ```
      java.lang.NullPointerException
        at org.symphonyoss.symphony.messageml.MessageMLParser.loadElementId(MessageMLParser.java:668)
      ```
      
      Recompile the project to make sure the new factory is available to Cover.
      For example run `mvn install -DskipTests` or `gradle install -x test`.
      
INFO  
INFO  R013: No inputs found that don't throw a trivial exception
      Diffblue Cover tried to run the arrange/act section, but the test threw
      javax.imageio.metadata.IIODOMException: No such attribute!
          at javax.imageio.metadata.IIOMetadataNode.removeAttribute(IIOMetadataNode.java:803)
          at javax.imageio.metadata.IIOMetadataNode.removeAttribute(IIOMetadataNode.java:787)
          at org.symphonyoss.symphony.messageml.elements.DateSelector.buildElementFromDiv(DateSelector.java:140)
      In order to prevent the method under test
      from throwing IIODOMException, add constructors or factory
      methods that make it easier to construct fully initialized objects used in
      the method under test.
      See https://diff.blue/R013 to resolve this issue.
      
INFO  Affected methods:
      org.symphonyoss.symphony.messageml.elements.DateSelector.buildElementFromDiv:(Lorg/symphonyoss/symphony/messageml/MessageMLParser;Lorg/w3c/dom/Element;)V
      
INFO  To resolve the issue, use the following prompt with your AI assistant:
      
      We are unit testing `org.symphonyoss.symphony.messageml.elements.DateSelector.buildElementFromDiv:(Lorg/symphonyoss/symphony/messageml/MessageMLParser;Lorg/w3c/dom/Element;)V`.
      
      Create a parameterless factory method for the problematic
      parameter/this object, determining which by reading the error message below.
      The new factory method should be in the test classpath, not production.
      Create a new factory class if there isn't already one for the class under test.
      Do not create a test yourself, only a factory (don't test the factory either).
      The factory must be annotated with `@com.diffblue.cover.annotations.InterestingTestFactory`.
      Avoid using mocks, these tend to produce unused stubbing errors or a
      `java.lang.NullPointerException`.
      If your environment has internet access then further documentation on
      factory methods for Cover can be found here:
      https://docs.diffblue.com/features/tutorials/increase-code-coverage#test-factory-pattern
      
      The factory should produce a parameter/this object such that
      the following exception does not occur:
      
      ```
      javax.imageio.metadata.IIODOMException: No such attribute!
        at javax.imageio.metadata.IIOMetadataNode.removeAttribute(IIOMetadataNode.java:803)
        at javax.imageio.metadata.IIOMetadataNode.removeAttribute(IIOMetadataNode.java:787)
        at org.symphonyoss.symphony.messageml.elements.DateSelector.buildElementFromDiv(DateSelector.java:140)
      ```
      
      Recompile the project to make sure the new factory is available to Cover.
      For example run `mvn install -DskipTests` or `gradle install -x test`.
      
INFO  
INFO  R013: No inputs found that don't throw a trivial exception
      Diffblue Cover tried to run the arrange/act section, but the test threw
      java.lang.NullPointerException
          at org.symphonyoss.symphony.messageml.elements.Element.assertAttributeValue(Element.java:551)
          at org.symphonyoss.symphony.messageml.elements.Element.assertAttributeIsBoolean(Element.java:566)
      In order to prevent the method under test
      from throwing NullPointerException, add constructors or factory
      methods that make it easier to construct fully initialized objects used in
      the method under test.
      See https://diff.blue/R013 to resolve this issue.
      
INFO  Affected methods:
      org.symphonyoss.symphony.messageml.elements.Element.assertAttributeIsBoolean:(Ljava/lang/String;)V
      
INFO  To resolve the issue, use the following prompt with your AI assistant:
      
      We are unit testing `org.symphonyoss.symphony.messageml.elements.Element.assertAttributeIsBoolean:(Ljava/lang/String;)V`.
      
      Create a parameterless factory method for the problematic
      parameter/this object, determining which by reading the error message below.
      The new factory method should be in the test classpath, not production.
      Create a new factory class if there isn't already one for the class under test.
      Do not create a test yourself, only a factory (don't test the factory either).
      The factory must be annotated with `@com.diffblue.cover.annotations.InterestingTestFactory`.
      Avoid using mocks, these tend to produce unused stubbing errors or a
      `java.lang.NullPointerException`.
      If your environment has internet access then further documentation on
      factory methods for Cover can be found here:
      https://docs.diffblue.com/features/tutorials/increase-code-coverage#test-factory-pattern
      
      The factory should produce a parameter/this object such that
      the following exception does not occur:
      
      ```
      java.lang.NullPointerException
        at org.symphonyoss.symphony.messageml.elements.Element.assertAttributeValue(Element.java:551)
        at org.symphonyoss.symphony.messageml.elements.Element.assertAttributeIsBoolean(Element.java:566)
      ```
      
      Recompile the project to make sure the new factory is available to Cover.
      For example run `mvn install -DskipTests` or `gradle install -x test`.
      
INFO  
INFO  R013: No inputs found that don't throw a trivial exception
      Diffblue Cover tried to run the arrange/act section, but the test threw
      java.lang.NullPointerException
          at org.symphonyoss.symphony.messageml.elements.Element.assertAttributeValue(Element.java:551)
      In order to prevent the method under test
      from throwing NullPointerException, add constructors or factory
      methods that make it easier to construct fully initialized objects used in
      the method under test.
      See https://diff.blue/R013 to resolve this issue.
      
INFO  Affected methods:
      org.symphonyoss.symphony.messageml.elements.Element.assertAttributeValue:(Ljava/lang/String;Ljava/util/Collection;)V
      
INFO  To resolve the issue, use the following prompt with your AI assistant:
      
      We are unit testing `org.symphonyoss.symphony.messageml.elements.Element.assertAttributeValue:(Ljava/lang/String;Ljava/util/Collection;)V`.
      
      Create a parameterless factory method for the problematic
      parameter/this object, determining which by reading the error message below.
      The new factory method should be in the test classpath, not production.
      Create a new factory class if there isn't already one for the class under test.
      Do not create a test yourself, only a factory (don't test the factory either).
      The factory must be annotated with `@com.diffblue.cover.annotations.InterestingTestFactory`.
      Avoid using mocks, these tend to produce unused stubbing errors or a
      `java.lang.NullPointerException`.
      If your environment has internet access then further documentation on
      factory methods for Cover can be found here:
      https://docs.diffblue.com/features/tutorials/increase-code-coverage#test-factory-pattern
      
      The factory should produce a parameter/this object such that
      the following exception does not occur:
      
      ```
      java.lang.NullPointerException
        at org.symphonyoss.symphony.messageml.elements.Element.assertAttributeValue(Element.java:551)
      ```
      
      Recompile the project to make sure the new factory is available to Cover.
      For example run `mvn install -DskipTests` or `gradle install -x test`.
      
INFO  
INFO  R013: No inputs found that don't throw a trivial exception
      Diffblue Cover tried to run the arrange/act section, but the test threw
      org.w3c.dom.DOMException: This NamedNodeMap is read-only!
          at javax.imageio.metadata.IIONamedNodeMap.removeNamedItem(IIOMetadataNode.java:81)
          at org.symphonyoss.symphony.messageml.elements.GroupedElement.buildElementAttrFromInputTag(GroupedElement.java:132)
      In order to prevent the method under test
      from throwing DOMException, add constructors or factory
      methods that make it easier to construct fully initialized objects used in
      the method under test.
      See https://diff.blue/R013 to resolve this issue.
      
INFO  Affected methods:
      org.symphonyoss.symphony.messageml.elements.GroupedElement.buildElementAttrFromInputTag:(Lorg/symphonyoss/symphony/messageml/MessageMLParser;Lorg/w3c/dom/Node;)V
      
INFO  To resolve the issue, use the following prompt with your AI assistant:
      
      We are unit testing `org.symphonyoss.symphony.messageml.elements.GroupedElement.buildElementAttrFromInputTag:(Lorg/symphonyoss/symphony/messageml/MessageMLParser;Lorg/w3c/dom/Node;)V`.
      
      Create a parameterless factory method for the problematic
      parameter/this object, determining which by reading the error message below.
      The new factory method should be in the test classpath, not production.
      Create a new factory class if there isn't already one for the class under test.
      Do not create a test yourself, only a factory (don't test the factory either).
      The factory must be annotated with `@com.diffblue.cover.annotations.InterestingTestFactory`.
      Avoid using mocks, these tend to produce unused stubbing errors or a
      `java.lang.NullPointerException`.
      If your environment has internet access then further documentation on
      factory methods for Cover can be found here:
      https://docs.diffblue.com/features/tutorials/increase-code-coverage#test-factory-pattern
      
      The factory should produce a parameter/this object such that
      the following exception does not occur:
      
      ```
      org.w3c.dom.DOMException: This NamedNodeMap is read-only!
        at javax.imageio.metadata.IIONamedNodeMap.removeNamedItem(IIOMetadataNode.java:81)
        at org.symphonyoss.symphony.messageml.elements.GroupedElement.buildElementAttrFromInputTag(GroupedElement.java:132)
      ```
      
      Recompile the project to make sure the new factory is available to Cover.
      For example run `mvn install -DskipTests` or `gradle install -x test`.
      
INFO  
INFO  R013: No inputs found that don't throw a trivial exception
      Diffblue Cover tried to run the arrange/act section, but the test threw
      java.lang.NullPointerException
          at org.symphonyoss.symphony.messageml.elements.Mention.asText(Mention.java:168)
      In order to prevent the method under test
      from throwing NullPointerException, add constructors or factory
      methods that make it easier to construct fully initialized objects used in
      the method under test.
      See https://diff.blue/R013 to resolve this issue.
      
INFO  Affected methods:
      org.symphonyoss.symphony.messageml.elements.Mention.asText:()Ljava/lang/String;
      
INFO  To resolve the issue, use the following prompt with your AI assistant:
      
      We are unit testing `org.symphonyoss.symphony.messageml.elements.Mention.asText:()Ljava/lang/String;`.
      
      Create a parameterless factory method for the problematic
      parameter/this object, determining which by reading the error message below.
      The new factory method should be in the test classpath, not production.
      Create a new factory class if there isn't already one for the class under test.
      Do not create a test yourself, only a factory (don't test the factory either).
      The factory must be annotated with `@com.diffblue.cover.annotations.InterestingTestFactory`.
      Avoid using mocks, these tend to produce unused stubbing errors or a
      `java.lang.NullPointerException`.
      If your environment has internet access then further documentation on
      factory methods for Cover can be found here:
      https://docs.diffblue.com/features/tutorials/increase-code-coverage#test-factory-pattern
      
      The factory should produce a parameter/this object such that
      the following exception does not occur:
      
      ```
      java.lang.NullPointerException
        at org.symphonyoss.symphony.messageml.elements.Mention.asText(Mention.java:168)
      ```
      
      Recompile the project to make sure the new factory is available to Cover.
      For example run `mvn install -DskipTests` or `gradle install -x test`.
      
INFO  
INFO  R013: No inputs found that don't throw a trivial exception
      Diffblue Cover tried to run the arrange/act section, but the test threw
      org.w3c.dom.DOMException: Method not supported
          at javax.imageio.metadata.IIOMetadataNode.getTextContent(IIOMetadataNode.java:1097)
          at org.symphonyoss.symphony.messageml.elements.Element.getStringAttribute(Element.java:484)
          at org.symphonyoss.symphony.messageml.elements.SplittableElement.fillAttributes(SplittableElement.java:159)
          at org.symphonyoss.symphony.messageml.elements.SplittableElement.fillAttributes(SplittableElement.java:182)
      In order to prevent the method under test
      from throwing DOMException, add constructors or factory
      methods that make it easier to construct fully initialized objects used in
      the method under test.
      See https://diff.blue/R013 to resolve this issue.
      
INFO  Affected methods:
      org.symphonyoss.symphony.messageml.elements.SplittableElement.fillAttributes:(Lorg/symphonyoss/symphony/messageml/MessageMLParser;Lorg/w3c/dom/Node;)V
      
INFO  To resolve the issue, use the following prompt with your AI assistant:
      
      We are unit testing `org.symphonyoss.symphony.messageml.elements.SplittableElement.fillAttributes:(Lorg/symphonyoss/symphony/messageml/MessageMLParser;Lorg/w3c/dom/Node;)V`.
      
      Create a parameterless factory method for the problematic
      parameter/this object, determining which by reading the error message below.
      The new factory method should be in the test classpath, not production.
      Create a new factory class if there isn't already one for the class under test.
      Do not create a test yourself, only a factory (don't test the factory either).
      The factory must be annotated with `@com.diffblue.cover.annotations.InterestingTestFactory`.
      Avoid using mocks, these tend to produce unused stubbing errors or a
      `java.lang.NullPointerException`.
      If your environment has internet access then further documentation on
      factory methods for Cover can be found here:
      https://docs.diffblue.com/features/tutorials/increase-code-coverage#test-factory-pattern
      
      The factory should produce a parameter/this object such that
      the following exception does not occur:
      
      ```
      org.w3c.dom.DOMException: Method not supported
        at javax.imageio.metadata.IIOMetadataNode.getTextContent(IIOMetadataNode.java:1097)
        at org.symphonyoss.symphony.messageml.elements.Element.getStringAttribute(Element.java:484)
        at org.symphonyoss.symphony.messageml.elements.SplittableElement.fillAttributes(SplittableElement.java:159)
        at org.symphonyoss.symphony.messageml.elements.SplittableElement.fillAttributes(SplittableElement.java:182)
      ```
      
      Recompile the project to make sure the new factory is available to Cover.
      For example run `mvn install -DskipTests` or `gradle install -x test`.
      
INFO  
INFO  R013: No inputs found that don't throw a trivial exception
      Diffblue Cover tried to run the arrange/act section, but the test threw
      org.w3c.dom.DOMException: Method not supported
          at javax.imageio.metadata.IIOMetadataNode.getTextContent(IIOMetadataNode.java:1097)
          at org.symphonyoss.symphony.messageml.elements.Element.getStringAttribute(Element.java:484)
          at org.symphonyoss.symphony.messageml.elements.SplittableElement.fillAttributes(SplittableElement.java:159)
      In order to prevent the method under test
      from throwing DOMException, add constructors or factory
      methods that make it easier to construct fully initialized objects used in
      the method under test.
      See https://diff.blue/R013 to resolve this issue.
      
INFO  Affected methods:
      org.symphonyoss.symphony.messageml.elements.SplittableElement.fillAttributes:(Lorg/symphonyoss/symphony/messageml/MessageMLParser;Lorg/w3c/dom/Node;Ljava/util/Map;)V
      
INFO  To resolve the issue, use the following prompt with your AI assistant:
      
      We are unit testing `org.symphonyoss.symphony.messageml.elements.SplittableElement.fillAttributes:(Lorg/symphonyoss/symphony/messageml/MessageMLParser;Lorg/w3c/dom/Node;Ljava/util/Map;)V`.
      
      Create a parameterless factory method for the problematic
      parameter/this object, determining which by reading the error message below.
      The new factory method should be in the test classpath, not production.
      Create a new factory class if there isn't already one for the class under test.
      Do not create a test yourself, only a factory (don't test the factory either).
      The factory must be annotated with `@com.diffblue.cover.annotations.InterestingTestFactory`.
      Avoid using mocks, these tend to produce unused stubbing errors or a
      `java.lang.NullPointerException`.
      If your environment has internet access then further documentation on
      factory methods for Cover can be found here:
      https://docs.diffblue.com/features/tutorials/increase-code-coverage#test-factory-pattern
      
      The factory should produce a parameter/this object such that
      the following exception does not occur:
      
      ```
      org.w3c.dom.DOMException: Method not supported
        at javax.imageio.metadata.IIOMetadataNode.getTextContent(IIOMetadataNode.java:1097)
        at org.symphonyoss.symphony.messageml.elements.Element.getStringAttribute(Element.java:484)
        at org.symphonyoss.symphony.messageml.elements.SplittableElement.fillAttributes(SplittableElement.java:159)
      ```
      
      Recompile the project to make sure the new factory is available to Cover.
      For example run `mvn install -DskipTests` or `gradle install -x test`.
      
INFO  
INFO  R013: No inputs found that don't throw a trivial exception
      Diffblue Cover tried to run the arrange/act section, but the test threw
      java.lang.IndexOutOfBoundsException: Index 0 out of bounds for length 0
          at jdk.internal.util.Preconditions.outOfBounds(Preconditions.java:64)
          at jdk.internal.util.Preconditions.outOfBoundsCheckIndex(Preconditions.java:70)
          at jdk.internal.util.Preconditions.checkIndex(Preconditions.java:248)
          at java.util.Objects.checkIndex(Objects.java:374)
          at java.util.ArrayList.get(ArrayList.java:459)
          at org.symphonyoss.symphony.messageml.elements.Element.getChild(Element.java:940)
          at org.symphonyoss.symphony.messageml.elements.TextArea.getElementInitialValue(TextArea.java:139)
      In order to prevent the method under test
      from throwing IndexOutOfBoundsException, add constructors or factory
      methods that make it easier to construct fully initialized objects used in
      the method under test.
      See https://diff.blue/R013 to resolve this issue.
      
INFO  Affected methods:
      org.symphonyoss.symphony.messageml.elements.TextArea.getElementInitialValue:()Ljava/lang/String;
      
INFO  To resolve the issue, use the following prompt with your AI assistant:
      
      We are unit testing `org.symphonyoss.symphony.messageml.elements.TextArea.getElementInitialValue:()Ljava/lang/String;`.
      
      Create a parameterless factory method for the problematic
      parameter/this object, determining which by reading the error message below.
      The new factory method should be in the test classpath, not production.
      Create a new factory class if there isn't already one for the class under test.
      Do not create a test yourself, only a factory (don't test the factory either).
      The factory must be annotated with `@com.diffblue.cover.annotations.InterestingTestFactory`.
      Avoid using mocks, these tend to produce unused stubbing errors or a
      `java.lang.NullPointerException`.
      If your environment has internet access then further documentation on
      factory methods for Cover can be found here:
      https://docs.diffblue.com/features/tutorials/increase-code-coverage#test-factory-pattern
      
      The factory should produce a parameter/this object such that
      the following exception does not occur:
      
      ```
      java.lang.IndexOutOfBoundsException: Index 0 out of bounds for length 0
        at jdk.internal.util.Preconditions.outOfBounds(Preconditions.java:64)
        at jdk.internal.util.Preconditions.outOfBoundsCheckIndex(Preconditions.java:70)
        at jdk.internal.util.Preconditions.checkIndex(Preconditions.java:248)
        at java.util.Objects.checkIndex(Objects.java:374)
        at java.util.ArrayList.get(ArrayList.java:459)
        at org.symphonyoss.symphony.messageml.elements.Element.getChild(Element.java:940)
        at org.symphonyoss.symphony.messageml.elements.TextArea.getElementInitialValue(TextArea.java:139)
      ```
      
      Recompile the project to make sure the new factory is available to Cover.
      For example run `mvn install -DskipTests` or `gradle install -x test`.
      
INFO  
INFO  R013: No inputs found that don't throw a trivial exception
      Diffblue Cover tried to run the arrange/act section, but the test threw
      java.lang.IndexOutOfBoundsException: Index 0 out of bounds for length 0
          at jdk.internal.util.Preconditions.outOfBounds(Preconditions.java:64)
          at jdk.internal.util.Preconditions.outOfBoundsCheckIndex(Preconditions.java:70)
          at jdk.internal.util.Preconditions.checkIndex(Preconditions.java:248)
          at java.util.Objects.checkIndex(Objects.java:374)
          at java.util.ArrayList.get(ArrayList.java:459)
          at org.symphonyoss.symphony.messageml.elements.Element.getChild(Element.java:940)
          at org.symphonyoss.symphony.messageml.elements.TextField.getElementInitialValue(TextField.java:270)
      In order to prevent the method under test
      from throwing IndexOutOfBoundsException, add constructors or factory
      methods that make it easier to construct fully initialized objects used in
      the method under test.
      See https://diff.blue/R013 to resolve this issue.
      
INFO  Affected methods:
      org.symphonyoss.symphony.messageml.elements.TextField.getElementInitialValue:()Ljava/lang/String;
      
INFO  To resolve the issue, use the following prompt with your AI assistant:
      
      We are unit testing `org.symphonyoss.symphony.messageml.elements.TextField.getElementInitialValue:()Ljava/lang/String;`.
      
      Create a parameterless factory method for the problematic
      parameter/this object, determining which by reading the error message below.
      The new factory method should be in the test classpath, not production.
      Create a new factory class if there isn't already one for the class under test.
      Do not create a test yourself, only a factory (don't test the factory either).
      The factory must be annotated with `@com.diffblue.cover.annotations.InterestingTestFactory`.
      Avoid using mocks, these tend to produce unused stubbing errors or a
      `java.lang.NullPointerException`.
      If your environment has internet access then further documentation on
      factory methods for Cover can be found here:
      https://docs.diffblue.com/features/tutorials/increase-code-coverage#test-factory-pattern
      
      The factory should produce a parameter/this object such that
      the following exception does not occur:
      
      ```
      java.lang.IndexOutOfBoundsException: Index 0 out of bounds for length 0
        at jdk.internal.util.Preconditions.outOfBounds(Preconditions.java:64)
        at jdk.internal.util.Preconditions.outOfBoundsCheckIndex(Preconditions.java:70)
        at jdk.internal.util.Preconditions.checkIndex(Preconditions.java:248)
        at java.util.Objects.checkIndex(Objects.java:374)
        at java.util.ArrayList.get(ArrayList.java:459)
        at org.symphonyoss.symphony.messageml.elements.Element.getChild(Element.java:940)
        at org.symphonyoss.symphony.messageml.elements.TextField.getElementInitialValue(TextField.java:270)
      ```
      
      Recompile the project to make sure the new factory is available to Cover.
      For example run `mvn install -DskipTests` or `gradle install -x test`.
      
INFO  
INFO  R013: No inputs found that don't throw a trivial exception
      Diffblue Cover tried to run the arrange/act section, but the test threw
      java.lang.NullPointerException
          at org.symphonyoss.symphony.messageml.elements.TextNode.<init>(TextNode.java:34)
      In order to prevent the method under test
      from throwing NullPointerException, add constructors or factory
      methods that make it easier to construct fully initialized objects used in
      the method under test.
      See https://diff.blue/R013 to resolve this issue.
      
INFO  Affected methods:
      org.symphonyoss.symphony.messageml.elements.TextNode.<init>:(Lorg/symphonyoss/symphony/messageml/elements/Element;Lorg/w3c/dom/Text;)V
      
INFO  To resolve the issue, use the following prompt with your AI assistant:
      
      We are unit testing `org.symphonyoss.symphony.messageml.elements.TextNode.<init>:(Lorg/symphonyoss/symphony/messageml/elements/Element;Lorg/w3c/dom/Text;)V`.
      
      Create a parameterless factory method for the problematic
      parameter/this object, determining which by reading the error message below.
      The new factory method should be in the test classpath, not production.
      Create a new factory class if there isn't already one for the class under test.
      Do not create a test yourself, only a factory (don't test the factory either).
      The factory must be annotated with `@com.diffblue.cover.annotations.InterestingTestFactory`.
      Avoid using mocks, these tend to produce unused stubbing errors or a
      `java.lang.NullPointerException`.
      If your environment has internet access then further documentation on
      factory methods for Cover can be found here:
      https://docs.diffblue.com/features/tutorials/increase-code-coverage#test-factory-pattern
      
      The factory should produce a parameter/this object such that
      the following exception does not occur:
      
      ```
      java.lang.NullPointerException
        at org.symphonyoss.symphony.messageml.elements.TextNode.<init>(TextNode.java:34)
      ```
      
      Recompile the project to make sure the new factory is available to Cover.
      For example run `mvn install -DskipTests` or `gradle install -x test`.
      
INFO  
INFO  R013: No inputs found that don't throw a trivial exception
      Diffblue Cover tried to run the arrange/act section, but the test threw
      java.lang.NullPointerException
          at org.symphonyoss.symphony.messageml.elements.TextNode.buildText(TextNode.java:60)
      In order to prevent the method under test
      from throwing NullPointerException, add constructors or factory
      methods that make it easier to construct fully initialized objects used in
      the method under test.
      See https://diff.blue/R013 to resolve this issue.
      
INFO  Affected methods:
      org.symphonyoss.symphony.messageml.elements.TextNode.buildText:(Lorg/w3c/dom/Text;)V
      
INFO  To resolve the issue, use the following prompt with your AI assistant:
      
      We are unit testing `org.symphonyoss.symphony.messageml.elements.TextNode.buildText:(Lorg/w3c/dom/Text;)V`.
      
      Create a parameterless factory method for the problematic
      parameter/this object, determining which by reading the error message below.
      The new factory method should be in the test classpath, not production.
      Create a new factory class if there isn't already one for the class under test.
      Do not create a test yourself, only a factory (don't test the factory either).
      The factory must be annotated with `@com.diffblue.cover.annotations.InterestingTestFactory`.
      Avoid using mocks, these tend to produce unused stubbing errors or a
      `java.lang.NullPointerException`.
      If your environment has internet access then further documentation on
      factory methods for Cover can be found here:
      https://docs.diffblue.com/features/tutorials/increase-code-coverage#test-factory-pattern
      
      The factory should produce a parameter/this object such that
      the following exception does not occur:
      
      ```
      java.lang.NullPointerException
        at org.symphonyoss.symphony.messageml.elements.TextNode.buildText(TextNode.java:60)
      ```
      
      Recompile the project to make sure the new factory is available to Cover.
      For example run `mvn install -DskipTests` or `gradle install -x test`.
      
INFO  
INFO  R013: No inputs found that don't throw a trivial exception
      Diffblue Cover tried to run the arrange/act section, but the test threw
      java.util.NoSuchElementException
          at java.util.LinkedList.removeFirst(LinkedList.java:274)
          at java.util.LinkedList.pop(LinkedList.java:805)
          at org.symphonyoss.symphony.messageml.util.XmlPrintStream.closeElement(XmlPrintStream.java:104)
      In order to prevent the method under test
      from throwing NoSuchElementException, add constructors or factory
      methods that make it easier to construct fully initialized objects used in
      the method under test.
      See https://diff.blue/R013 to resolve this issue.
      
INFO  Affected methods:
      org.symphonyoss.symphony.messageml.util.XmlPrintStream.closeElement:()V
      
INFO  To resolve the issue, use the following prompt with your AI assistant:
      
      We are unit testing `org.symphonyoss.symphony.messageml.util.XmlPrintStream.closeElement:()V`.
      
      Create a parameterless factory method for the problematic
      parameter/this object, determining which by reading the error message below.
      The new factory method should be in the test classpath, not production.
      Create a new factory class if there isn't already one for the class under test.
      Do not create a test yourself, only a factory (don't test the factory either).
      The factory must be annotated with `@com.diffblue.cover.annotations.InterestingTestFactory`.
      Avoid using mocks, these tend to produce unused stubbing errors or a
      `java.lang.NullPointerException`.
      If your environment has internet access then further documentation on
      factory methods for Cover can be found here:
      https://docs.diffblue.com/features/tutorials/increase-code-coverage#test-factory-pattern
      
      The factory should produce a parameter/this object such that
      the following exception does not occur:
      
      ```
      java.util.NoSuchElementException
        at java.util.LinkedList.removeFirst(LinkedList.java:274)
        at java.util.LinkedList.pop(LinkedList.java:805)
        at org.symphonyoss.symphony.messageml.util.XmlPrintStream.closeElement(XmlPrintStream.java:104)
      ```
      
      Recompile the project to make sure the new factory is available to Cover.
      For example run `mvn install -DskipTests` or `gradle install -x test`.
      
INFO  
INFO  R002: Missing observers
      Diffblue Cover was unable to create an assertion.
      There are no fields that could be asserted on.
      
INFO  Affected methods:
      org.symphonyoss.symphony.messageml.util.NoOpDataProvider.<init>:()V
      org.symphonyoss.symphony.messageml.util.NoOpDataProvider.validateURI:(Ljava/net/URI;)V
      
INFO  To resolve the issue, use the following prompt with your AI assistant:
      
      Fix the following issue preventing test creation for:
      org.symphonyoss.symphony.messageml.util.NoOpDataProvider.<init>:()V
      org.symphonyoss.symphony.messageml.util.NoOpDataProvider.validateURI:(Ljava/net/URI;)V
      
      Diffblue Cover was unable to create an assertion.
      There are no fields that could be asserted on.
      
INFO  
INFO  R002: Missing observers
      Diffblue Cover was unable to create an assertion.
      There are no fields that could be asserted on.
      
INFO  Affected methods:
      org.symphonyoss.symphony.messageml.util.NoOpEntityResolver.<init>:()V
      
INFO  To resolve the issue, use the following prompt with your AI assistant:
      
      Fix the following issue preventing test creation for:
      org.symphonyoss.symphony.messageml.util.NoOpEntityResolver.<init>:()V
      
      Diffblue Cover was unable to create an assertion.
      There are no fields that could be asserted on.
      
INFO  
INFO  R002: Missing observers
      Diffblue Cover was unable to create an assertion.
      There are no fields that could be asserted on.
      
INFO  Affected methods:
      org.symphonyoss.symphony.messageml.util.NullErrorHandler.<init>:()V
      org.symphonyoss.symphony.messageml.util.NullErrorHandler.error:(Lorg/xml/sax/SAXParseException;)V
      org.symphonyoss.symphony.messageml.util.NullErrorHandler.fatalError:(Lorg/xml/sax/SAXParseException;)V
      org.symphonyoss.symphony.messageml.util.NullErrorHandler.warning:(Lorg/xml/sax/SAXParseException;)V
      
INFO  To resolve the issue, use the following prompt with your AI assistant:
      
      Fix the following issue preventing test creation for:
      org.symphonyoss.symphony.messageml.util.NullErrorHandler.<init>:()V
      org.symphonyoss.symphony.messageml.util.NullErrorHandler.error:(Lorg/xml/sax/SAXParseException;)V
      org.symphonyoss.symphony.messageml.util.NullErrorHandler.fatalError:(Lorg/xml/sax/SAXParseException;)V
      org.symphonyoss.symphony.messageml.util.NullErrorHandler.warning:(Lorg/xml/sax/SAXParseException;)V
      
      Diffblue Cover was unable to create an assertion.
      There are no fields that could be asserted on.
      
INFO  
INFO  R002: Missing observers
      Diffblue Cover was unable to create an assertion.
      There are no fields that could be asserted on.
      
INFO  Affected methods:
      org.symphonyoss.symphony.messageml.util.NullDataProvider.<init>:()V
      org.symphonyoss.symphony.messageml.util.NullDataProvider.validateURI:(Ljava/net/URI;)V
      
INFO  To resolve the issue, use the following prompt with your AI assistant:
      
      Fix the following issue preventing test creation for:
      org.symphonyoss.symphony.messageml.util.NullDataProvider.<init>:()V
      org.symphonyoss.symphony.messageml.util.NullDataProvider.validateURI:(Ljava/net/URI;)V
      
      Diffblue Cover was unable to create an assertion.
      There are no fields that could be asserted on.
      
INFO  
INFO  R083: Can't find a suitable constructor
      Diffblue Cover was unable to construct an instance of EntityJsonURIDownloader.
      No suitable constructor or factory method found. Please check that the class
      under test has a non-private constructor or factory method.
      See https://diff.blue/R083 for further troubleshooting of this issue.
      
INFO  Affected methods:
      org.symphonyoss.symphony.entityjson.EntityJsonURIDownloader.getInstance:()Lcom/github/fge/jsonschema/core/load/download/URIDownloader;
      
INFO  To resolve the issue, use the following prompt with your AI assistant:
      
      Fix the following issue preventing test creation for:
      org.symphonyoss.symphony.entityjson.EntityJsonURIDownloader.getInstance:()Lcom/github/fge/jsonschema/core/load/download/URIDownloader;
      
      Diffblue Cover was unable to construct an instance of EntityJsonURIDownloader.
      No suitable constructor or factory method found. Please check that the class
      under test has a non-private constructor or factory method.
      See https://diff.blue/R083 for further troubleshooting of this issue.
      
INFO  
INFO  R083: Can't find a suitable constructor
      Diffblue Cover was unable to construct an instance of EntityJsonURIDownloader.
      No suitable constructor or factory method found. Please check that the class
      under test has a non-private constructor or factory method.
      See https://diff.blue/R083 for further troubleshooting of this issue.
      
INFO  Affected methods:
      org.symphonyoss.symphony.entityjson.EntityJsonURIDownloader.fetch:(Ljava/net/URI;)Ljava/io/InputStream;
      
INFO  To resolve the issue, use the following prompt with your AI assistant:
      
      Fix the following issue preventing test creation for:
      org.symphonyoss.symphony.entityjson.EntityJsonURIDownloader.fetch:(Ljava/net/URI;)Ljava/io/InputStream;
      
      Diffblue Cover was unable to construct an instance of EntityJsonURIDownloader.
      No suitable constructor or factory method found. Please check that the class
      under test has a non-private constructor or factory method.
      See https://diff.blue/R083 for further troubleshooting of this issue.
      
INFO  
INFO  R081: Exception in arrange section
      Diffblue Cover was unable to construct an instance of the class under test using
      org.symphonyoss.symphony.entityjson.EntityJson.toString().
      The arrange section threw
      java.lang.NullPointerException
          at org.symphonyoss.symphony.entityjson.EntityJson.<init>(EntityJson.java:78)
      More information about the exception is provided in the support log.
      See https://diff.blue/R081 for further troubleshooting of this issue.
      
INFO  Affected methods:
      org.symphonyoss.symphony.entityjson.EntityJson.getChildren:()Ljava/util/List;
      org.symphonyoss.symphony.entityjson.EntityJson.getContext:()Lorg/symphonyoss/symphony/entityjson/IEntityJsonInstanceContext;
      org.symphonyoss.symphony.entityjson.EntityJson.toString:()Ljava/lang/String;
      
INFO  To resolve the issue, use the following prompt with your AI assistant:
      
      Fix the following issue preventing test creation for:
      org.symphonyoss.symphony.entityjson.EntityJson.getChildren:()Ljava/util/List;
      org.symphonyoss.symphony.entityjson.EntityJson.getContext:()Lorg/symphonyoss/symphony/entityjson/IEntityJsonInstanceContext;
      org.symphonyoss.symphony.entityjson.EntityJson.toString:()Ljava/lang/String;
      
      Diffblue Cover was unable to construct an instance of the class under test using
      org.symphonyoss.symphony.entityjson.EntityJson.toString().
      The arrange section threw
      java.lang.NullPointerException
          at org.symphonyoss.symphony.entityjson.EntityJson.<init>(EntityJson.java:78)
      More information about the exception is provided in the support log.
      See https://diff.blue/R081 for further troubleshooting of this issue.
      
INFO  
INFO  R011: Sandboxing policy violation
      Diffblue Cover ran code in your project that tried
      to access the network.
      Diffblue Cover's default sandboxing policy disallows this in order to prevent
      your code from damaging your system environment.
      See https://diff.blue/R011 to resolve this issue.
      
INFO  Affected methods:
      org.symphonyoss.symphony.entityjson.EntityJsonParser.<init>:(Z)V
      org.symphonyoss.symphony.entityjson.EntityJsonParser.parseEntityJson:(Ljava/lang/Object;Lcom/fasterxml/jackson/databind/node/ObjectNode;)Lorg/symphonyoss/symphony/entityjson/EntityJson;
      org.symphonyoss.symphony.entityjson.EntityJsonParser.parseStructuredObject:(Ljava/lang/Object;Lcom/fasterxml/jackson/databind/node/ObjectNode;)Lorg/symphonyoss/symphony/entityjson/StructuredObject;
      org.symphonyoss.symphony.entityjson.EntityJsonParser.validate:(Ljava/net/URL;Ljava/lang/Object;Ljava/io/Reader;)Lorg/symphonyoss/symphony/entityjson/IEntityJsonSchemaContext;
      org.symphonyoss.symphony.entityjson.EntityJsonParser.validate:(Ljava/net/URL;Ljava/net/URL;)Lorg/symphonyoss/symphony/entityjson/IEntityJsonSchemaContext;
      
INFO  To resolve the issue, use the following prompt with your AI assistant:
      
      Fix the following issue preventing test creation for:
      org.symphonyoss.symphony.entityjson.EntityJsonParser.<init>:(Z)V
      org.symphonyoss.symphony.entityjson.EntityJsonParser.parseEntityJson:(Ljava/lang/Object;Lcom/fasterxml/jackson/databind/node/ObjectNode;)Lorg/symphonyoss/symphony/entityjson/EntityJson;
      org.symphonyoss.symphony.entityjson.EntityJsonParser.parseStructuredObject:(Ljava/lang/Object;Lcom/fasterxml/jackson/databind/node/ObjectNode;)Lorg/symphonyoss/symphony/entityjson/StructuredObject;
      org.symphonyoss.symphony.entityjson.EntityJsonParser.validate:(Ljava/net/URL;Ljava/lang/Object;Ljava/io/Reader;)Lorg/symphonyoss/symphony/entityjson/IEntityJsonSchemaContext;
      org.symphonyoss.symphony.entityjson.EntityJsonParser.validate:(Ljava/net/URL;Ljava/net/URL;)Lorg/symphonyoss/symphony/entityjson/IEntityJsonSchemaContext;
      
      Diffblue Cover ran code in your project that tried
      to access the network.
      Diffblue Cover's default sandboxing policy disallows this in order to prevent
      your code from damaging your system environment.
      See https://diff.blue/R011 to resolve this issue.
      
INFO  
INFO  R081: Exception in arrange section
      Diffblue Cover was unable to construct an instance of the class under test using
      org.symphonyoss.symphony.entityjson.StructuredObject.getContext().
      The arrange section threw
      java.lang.NullPointerException
          at org.symphonyoss.symphony.entityjson.StructuredObject.<init>(StructuredObject.java:81)
          at org.symphonyoss.symphony.entityjson.StructuredObject.<init>(StructuredObject.java:72)
      More information about the exception is provided in the support log.
      See https://diff.blue/R081 for further troubleshooting of this issue.
      
INFO  Affected methods:
      org.symphonyoss.symphony.entityjson.StructuredObject.getContext:()Lorg/symphonyoss/symphony/entityjson/IEntityJsonInstanceContext;
      org.symphonyoss.symphony.entityjson.StructuredObject.getIdList:()Ljava/util/List;
      org.symphonyoss.symphony.entityjson.StructuredObject.getMajorVersion:()I
      org.symphonyoss.symphony.entityjson.StructuredObject.getMinorVersion:()I
      org.symphonyoss.symphony.entityjson.StructuredObject.getType:()Ljava/lang/String;
      org.symphonyoss.symphony.entityjson.StructuredObject.getVersion:()Ljava/lang/String;
      org.symphonyoss.symphony.entityjson.StructuredObject.toString:()Ljava/lang/String;
      
INFO  To resolve the issue, use the following prompt with your AI assistant:
      
      Fix the following issue preventing test creation for:
      org.symphonyoss.symphony.entityjson.StructuredObject.getContext:()Lorg/symphonyoss/symphony/entityjson/IEntityJsonInstanceContext;
      org.symphonyoss.symphony.entityjson.StructuredObject.getIdList:()Ljava/util/List;
      org.symphonyoss.symphony.entityjson.StructuredObject.getMajorVersion:()I
      org.symphonyoss.symphony.entityjson.StructuredObject.getMinorVersion:()I
      org.symphonyoss.symphony.entityjson.StructuredObject.getType:()Ljava/lang/String;
      org.symphonyoss.symphony.entityjson.StructuredObject.getVersion:()Ljava/lang/String;
      org.symphonyoss.symphony.entityjson.StructuredObject.toString:()Ljava/lang/String;
      
      Diffblue Cover was unable to construct an instance of the class under test using
      org.symphonyoss.symphony.entityjson.StructuredObject.getContext().
      The arrange section threw
      java.lang.NullPointerException
          at org.symphonyoss.symphony.entityjson.StructuredObject.<init>(StructuredObject.java:81)
          at org.symphonyoss.symphony.entityjson.StructuredObject.<init>(StructuredObject.java:72)
      More information about the exception is provided in the support log.
      See https://diff.blue/R081 for further troubleshooting of this issue.
      
INFO  
INFO  R081: Exception in arrange section
      Diffblue Cover was unable to construct an instance of the class under test using
      org.symphonyoss.symphony.entityjson.StructuredObjectId.toString().
      The arrange section threw
      java.lang.NullPointerException
          at org.symphonyoss.symphony.entityjson.StructuredObjectId.<init>(StructuredObjectId.java:41)
      More information about the exception is provided in the support log.
      See https://diff.blue/R081 for further troubleshooting of this issue.
      
INFO  Affected methods:
      org.symphonyoss.symphony.entityjson.StructuredObjectId.toString:()Ljava/lang/String;
      
INFO  To resolve the issue, use the following prompt with your AI assistant:
      
      Fix the following issue preventing test creation for:
      org.symphonyoss.symphony.entityjson.StructuredObjectId.toString:()Ljava/lang/String;
      
      Diffblue Cover was unable to construct an instance of the class under test using
      org.symphonyoss.symphony.entityjson.StructuredObjectId.toString().
      The arrange section threw
      java.lang.NullPointerException
          at org.symphonyoss.symphony.entityjson.StructuredObjectId.<init>(StructuredObjectId.java:41)
      More information about the exception is provided in the support log.
      See https://diff.blue/R081 for further troubleshooting of this issue.
      
INFO  
INFO  R081: Exception in arrange section
      Diffblue Cover was unable to construct an instance of the class under test using
      org.symphonyoss.symphony.messageml.elements.Chime.getPresentationMLTag().
      The arrange section threw
      org.symphonyoss.symphony.messageml.exceptions.InvalidInputException: Element "chime" has to be the only element in the message.
          at org.symphonyoss.symphony.messageml.elements.Chime.<init>(Chime.java:46)
      More information about the exception is provided in the support log.
      See https://diff.blue/R081 for further troubleshooting of this issue.
      
INFO  Affected methods:
      org.symphonyoss.symphony.messageml.elements.Chime.getPresentationMLTag:()Ljava/lang/String;
      
INFO  To resolve the issue, use the following prompt with your AI assistant:
      
      Fix the following issue preventing test creation for:
      org.symphonyoss.symphony.messageml.elements.Chime.getPresentationMLTag:()Ljava/lang/String;
      
      Diffblue Cover was unable to construct an instance of the class under test using
      org.symphonyoss.symphony.messageml.elements.Chime.getPresentationMLTag().
      The arrange section threw
      org.symphonyoss.symphony.messageml.exceptions.InvalidInputException: Element "chime" has to be the only element in the message.
          at org.symphonyoss.symphony.messageml.elements.Chime.<init>(Chime.java:46)
      More information about the exception is provided in the support log.
      See https://diff.blue/R081 for further troubleshooting of this issue.
      
INFO  
INFO  R031: Method may be time-sensitive
      Diffblue Cover was only able to write tests that are time-sensitive.
      The assertions don't pass when run at an alternate date, time, and
      timezone. Try refactoring the method to take a 'java.time.Clock' instance so
      that the time can be parameterized during testing.
      See Working with code R031 (https://diff.blue/R031) for details.
      
INFO  Affected methods:
      org.symphonyoss.symphony.messageml.util.ShortID.generate:()Ljava/lang/String;
      
INFO  To resolve the issue, use the following prompt with your AI assistant:
      
      Fix the following issue preventing test creation for:
      org.symphonyoss.symphony.messageml.util.ShortID.generate:()Ljava/lang/String;
      
      Diffblue Cover was only able to write tests that are time-sensitive.
      The assertions don't pass when run at an alternate date, time, and
      timezone. Try refactoring the method to take a 'java.time.Clock' instance so
      that the time can be parameterized during testing.
      See Working with code R031 (https://diff.blue/R031) for details.
      
INFO  
INFO  32 issues were found and displayed
INFO  Rerun with --prompts --limit 10 --skip 10 to focus on a subset of the issues
INFO  Rerun without --prompts to summarise all the issues
INFO  
INFO  Log file: /home/jbergqvist/diffblue/finos-messageml-utils/.diffblue/log/user-20260109T172544.log
INFO  Finished in 4s
