17:25:00.973 [INFO]   [Preparing]   Diffblue Cover 2025.12.02-74144f0-licensed
17:25:00.973 [INFO]   [Preparing]   Running: dcover issues --prompt --limit 3
17:25:00.974 [INFO]   [Preparing]   
17:25:00.974 [INFO]   [Preparing]   Command: issues
17:25:00.974 [INFO]   [Preparing]   Output a prioritized list of issues.
17:25:00.975 [INFO]   [Preparing]   
17:25:01.354 [INFO]   [Checking]    Maven Using ${maven.home} of: /home/jbergqvist/diffblue/finos-messageml-utils.
17:25:01.357 [INFO]   [Checking]    Maven Executing: /bin/sh -c cd /home/jbergqvist/diffblue/finos-messageml-utils && /home/jbergqvist/diffblue/finos-messageml-utils/mvnw -B -version
17:25:01.581 [INFO]   [Checking]    Standard output of build tool (Maven)
17:25:01.581 [INFO]   [Checking]    > Apache Maven 3.8.4 (9b656c72d54e5bacbed989b64718c159fe39b537)
17:25:01.581 [INFO]   [Checking]    > Maven home: /home/jbergqvist/.m2/wrapper/dists/apache-maven-3.8.4-bin/52ccbt68d252mdldqsfsn03jlf/apache-maven-3.8.4
17:25:01.582 [INFO]   [Checking]    > Java version: 11.0.29, vendor: Amazon.com Inc., runtime: /home/jbergqvist/.sdkman/candidates/java/11.0.29-amzn
17:25:01.582 [INFO]   [Checking]    > Default locale: en_GB, platform encoding: UTF-8
17:25:01.582 [INFO]   [Checking]    > OS name: "linux", version: "6.8.0-90-generic", arch: "amd64", family: "unix"
17:25:01.585 [INFO]   [Checking]    Using default build rules as no custom rules found in any of [/home/jbergqvist/diffblue/finos-messageml-utils]
17:25:01.589 [INFO]   [Checking]    Attempting to invoke /home/jbergqvist/diffblue/finos-messageml-utils/mvnw in working directory: /home/jbergqvist/diffblue/finos-messageml-utils
17:25:01.590 [INFO]   [Checking]    Started "/home/jbergqvist/diffblue/finos-messageml-utils/mvnw -Dmaven.ext.class.path=/opt/cover/cover-buildsystem-maven-spy-jar-with-dependencies.jar -Dcom.diffblue.cover.skipTests=true -DskipTestOptimizer --batch-mode --global-settings=/home/jbergqvist/.sdkman/candidates/maven/current/conf/settings.xml dependency:build-classpath"
17:25:02.208 [INFO]   [Checking]    out: [INFO] Scanning for projects...
17:25:02.340 [INFO]   [Checking]    out: [INFO] 
17:25:02.340 [INFO]   [Checking]    out: [INFO] -----------------< org.symphonyoss.symphony:messageml >-----------------
17:25:02.340 [INFO]   [Checking]    out: [INFO] Building MessageML Utils 0.13.0
17:25:02.341 [INFO]   [Checking]    out: [INFO] --------------------------------[ jar ]---------------------------------
17:25:02.542 [INFO]   [Checking]    deserializing line [DIFFBLUE]{"__type":"com.diffblue.cover.buildsystem.model.DefaultEventMessage","project":"org.symphonyoss.symphony:messageml","goal":"build-classpath","cause":null,"state":"STARTED"}
17:25:02.589 [INFO]   [Checking]    out: [INFO] 
17:25:02.590 [INFO]   [Checking]    out: [INFO] --- maven-dependency-plugin:2.8:build-classpath (default-cli) @ messageml ---
17:25:02.627 [INFO]   [Checking]    out: [WARNING] The artifact xml-apis:xml-apis:jar:2.0.2 has been relocated to xml-apis:xml-apis:jar:1.0.b2
17:25:02.837 [INFO]   [Checking]    out: [INFO] Dependencies classpath:
17:25:02.837 [INFO]   [Checking]    out: /home/jbergqvist/.m2/repository/org/projectlombok/lombok/1.18.42/lombok-1.18.42.jar:/home/jbergqvist/.m2/repository/com/github/java-json-tools/json-schema-validator/2.2.14/json-schema-validator-2.2.14.jar:/home/jbergqvist/.m2/repository/com/github/java-json-tools/jackson-coreutils-equivalence/1.0/jackson-coreutils-equivalence-1.0.jar:/home/jbergqvist/.m2/repository/com/github/java-json-tools/jackson-coreutils/2.0/jackson-coreutils-2.0.jar:/home/jbergqvist/.m2/repository/com/github/java-json-tools/msg-simple/1.2/msg-simple-1.2.jar:/home/jbergqvist/.m2/repository/com/github/java-json-tools/btf/1.3/btf-1.3.jar:/home/jbergqvist/.m2/repository/com/github/java-json-tools/json-schema-core/1.2.14/json-schema-core-1.2.14.jar:/home/jbergqvist/.m2/repository/com/github/java-json-tools/uri-template/0.10/uri-template-0.10.jar:/home/jbergqvist/.m2/repository/com/sun/mail/mailapi/1.6.2/mailapi-1.6.2.jar:/home/jbergqvist/.m2/repository/joda-time/joda-time/2.10.5/joda-time-2.10.5.jar:/home/jbergqvist/.m2/repository/com/googlecode/libphonenumber/libphonenumber/8.11.1/libphonenumber-8.11.1.jar:/home/jbergqvist/.m2/repository/com/google/code/findbugs/jsr305/3.0.2/jsr305-3.0.2.jar:/home/jbergqvist/.m2/repository/net/sf/jopt-simple/jopt-simple/5.0.4/jopt-simple-5.0.4.jar:/home/jbergqvist/.m2/repository/org/mozilla/rhino/1.7.13/rhino-1.7.13.jar:/home/jbergqvist/.m2/repository/com/google/guava/guava/32.1.2-jre/guava-32.1.2-jre.jar:/home/jbergqvist/.m2/repository/com/google/guava/failureaccess/1.0.1/failureaccess-1.0.1.jar:/home/jbergqvist/.m2/repository/com/google/guava/listenablefuture/9999.0-empty-to-avoid-conflict-with-guava/listenablefuture-9999.0-empty-to-avoid-conflict-with-guava.jar:/home/jbergqvist/.m2/repository/org/checkerframework/checker-qual/3.33.0/checker-qual-3.33.0.jar:/home/jbergqvist/.m2/repository/com/google/errorprone/error_prone_annotations/2.18.0/error_prone_annotations-2.18.0.jar:/home/jbergqvist/.m2/repository/com/google/j2objc/j2objc-annotations/2.8/j2objc-annotations-2.8.jar:/home/jbergqvist/.m2/repository/com/fasterxml/jackson/core/jackson-core/2.15.2/jackson-core-2.15.2.jar:/home/jbergqvist/.m2/repository/com/fasterxml/jackson/core/jackson-databind/2.15.2/jackson-databind-2.15.2.jar:/home/jbergqvist/.m2/repository/com/fasterxml/jackson/core/jackson-annotations/2.15.2/jackson-annotations-2.15.2.jar:/home/jbergqvist/.m2/repository/commons-io/commons-io/2.11.0/commons-io-2.11.0.jar:/home/jbergqvist/.m2/repository/org/apache/commons/commons-lang3/3.12.0/commons-lang3-3.12.0.jar:/home/jbergqvist/.m2/repository/org/freemarker/freemarker/2.3.31/freemarker-2.3.31.jar:/home/jbergqvist/.m2/repository/org/slf4j/slf4j-api/1.7.32/slf4j-api-1.7.32.jar:/home/jbergqvist/.m2/repository/com/diffblue/cover/cover-annotations/1.8.0/cover-annotations-1.8.0.jar:/home/jbergqvist/.m2/repository/com/atlassian/commonmark/commonmark/0.15.2/commonmark-0.15.2.jar:/home/jbergqvist/.m2/repository/org/junit/jupiter/junit-jupiter-api/5.8.2/junit-jupiter-api-5.8.2.jar:/home/jbergqvist/.m2/repository/org/opentest4j/opentest4j/1.2.0/opentest4j-1.2.0.jar:/home/jbergqvist/.m2/repository/org/junit/platform/junit-platform-commons/1.8.2/junit-platform-commons-1.8.2.jar:/home/jbergqvist/.m2/repository/org/apiguardian/apiguardian-api/1.1.2/apiguardian-api-1.1.2.jar:/home/jbergqvist/.m2/repository/org/junit/jupiter/junit-jupiter-params/5.8.2/junit-jupiter-params-5.8.2.jar:/home/jbergqvist/.m2/repository/org/junit/jupiter/junit-jupiter-engine/5.8.2/junit-jupiter-engine-5.8.2.jar:/home/jbergqvist/.m2/repository/org/junit/platform/junit-platform-engine/1.8.2/junit-platform-engine-1.8.2.jar:/home/jbergqvist/.m2/repository/org/junit/vintage/junit-vintage-engine/5.8.2/junit-vintage-engine-5.8.2.jar:/home/jbergqvist/.m2/repository/junit/junit/4.13.2/junit-4.13.2.jar:/home/jbergqvist/.m2/repository/org/hamcrest/hamcrest-core/1.3/hamcrest-core-1.3.jar:/home/jbergqvist/.m2/repository/org/mockito/mockito-core/4.0.0/mockito-core-4.0.0.jar:/home/jbergqvist/.m2/repository/net/bytebuddy/byte-buddy/1.11.19/byte-buddy-1.11.19.jar:/home/jbergqvist/.m2/repository/net/bytebuddy/byte-buddy-agent/1.11.19/byte-buddy-agent-1.11.19.jar:/home/jbergqvist/.m2/repository/org/objenesis/objenesis/3.2/objenesis-3.2.jar:/home/jbergqvist/.m2/repository/org/openjdk/jmh/jmh-core/1.33/jmh-core-1.33.jar:/home/jbergqvist/.m2/repository/org/apache/commons/commons-math3/3.2/commons-math3-3.2.jar:/home/jbergqvist/.m2/repository/org/openjdk/jmh/jmh-generator-annprocess/1.33/jmh-generator-annprocess-1.33.jar:/home/jbergqvist/.m2/repository/org/xmlunit/xmlunit-core/2.8.3/xmlunit-core-2.8.3.jar:/home/jbergqvist/.m2/repository/jakarta/xml/bind/jakarta.xml.bind-api/2.3.3/jakarta.xml.bind-api-2.3.3.jar:/home/jbergqvist/.m2/repository/jakarta/activation/jakarta.activation-api/1.2.2/jakarta.activation-api-1.2.2.jar:/home/jbergqvist/.m2/repository/ch/qos/logback/logback-classic/1.2.9/logback-classic-1.2.9.jar:/home/jbergqvist/.m2/repository/ch/qos/logback/logback-core/1.2.9/logback-core-1.2.9.jar
17:25:02.840 [INFO]   [Checking]    deserializing line [DIFFBLUE]{"__type":"com.diffblue.cover.buildsystem.model.DefaultEventMessage","project":"org.symphonyoss.symphony:messageml","goal":"build-classpath","cause":null,"state":"SUCCESS"}
17:25:02.874 [INFO]   [Checking]    deserializing line [DIFFBLUE]{"__type":"com.diffblue.cover.buildsystem.model.DefaultProjectModuleMessage","project":{"__type":"DefaultProjectModule","junitReport":["/home/jbergqvist/diffblue/finos-messageml-utils/target/surefire-reports"],"jacocoReport":["/home/jbergqvist/diffblue/finos-messageml-utils/target/site/jacoco/jacoco.xml"],"jacocoDestFile":["/home/jbergqvist/diffblue/finos-messageml-utils/target/jacoco.exec"],"jacocoFormats":["xml"],"jacocoSkipped":false,"classpath":["/home/jbergqvist/diffblue/finos-messageml-utils/target/classes","/home/jbergqvist/.m2/repository/org/projectlombok/lombok/1.18.42/lombok-1.18.42.jar","/home/jbergqvist/.m2/repository/com/github/java-json-tools/json-schema-validator/2.2.14/json-schema-validator-2.2.14.jar","/home/jbergqvist/.m2/repository/com/github/java-json-tools/jackson-coreutils-equivalence/1.0/jackson-coreutils-equivalence-1.0.jar","/home/jbergqvist/.m2/repository/com/github/java-json-tools/jackson-coreutils/2.0/jackson-coreutils-2.0.jar","/home/jbergqvist/.m2/repository/com/github/java-json-tools/msg-simple/1.2/msg-simple-1.2.jar","/home/jbergqvist/.m2/repository/com/github/java-json-tools/btf/1.3/btf-1.3.jar","/home/jbergqvist/.m2/repository/com/github/java-json-tools/json-schema-core/1.2.14/json-schema-core-1.2.14.jar","/home/jbergqvist/.m2/repository/com/github/java-json-tools/uri-template/0.10/uri-template-0.10.jar","/home/jbergqvist/.m2/repository/com/sun/mail/mailapi/1.6.2/mailapi-1.6.2.jar","/home/jbergqvist/.m2/repository/joda-time/joda-time/2.10.5/joda-time-2.10.5.jar","/home/jbergqvist/.m2/repository/com/googlecode/libphonenumber/libphonenumber/8.11.1/libphonenumber-8.11.1.jar","/home/jbergqvist/.m2/repository/com/google/code/findbugs/jsr305/3.0.2/jsr305-3.0.2.jar","/home/jbergqvist/.m2/repository/net/sf/jopt-simple/jopt-simple/5.0.4/jopt-simple-5.0.4.jar","/home/jbergqvist/.m2/repository/org/mozilla/rhino/1.7.13/rhino-1.7.13.jar","/home/jbergqvist/.m2/repository/com/google/guava/guava/32.1.2-jre/guava-32.1.2-jre.jar","/home/jbergqvist/.m2/repository/com/google/guava/failureaccess/1.0.1/failureaccess-1.0.1.jar","/home/jbergqvist/.m2/repository/com/google/guava/listenablefuture/9999.0-empty-to-avoid-conflict-with-guava/listenablefuture-9999.0-empty-to-avoid-conflict-with-guava.jar","/home/jbergqvist/.m2/repository/org/checkerframework/checker-qual/3.33.0/checker-qual-3.33.0.jar","/home/jbergqvist/.m2/repository/com/google/errorprone/error_prone_annotations/2.18.0/error_prone_annotations-2.18.0.jar","/home/jbergqvist/.m2/repository/com/google/j2objc/j2objc-annotations/2.8/j2objc-annotations-2.8.jar","/home/jbergqvist/.m2/repository/com/fasterxml/jackson/core/jackson-core/2.15.2/jackson-core-2.15.2.jar","/home/jbergqvist/.m2/repository/com/fasterxml/jackson/core/jackson-databind/2.15.2/jackson-databind-2.15.2.jar","/home/jbergqvist/.m2/repository/com/fasterxml/jackson/core/jackson-annotations/2.15.2/jackson-annotations-2.15.2.jar","/home/jbergqvist/.m2/repository/commons-io/commons-io/2.11.0/commons-io-2.11.0.jar","/home/jbergqvist/.m2/repository/org/apache/commons/commons-lang3/3.12.0/commons-lang3-3.12.0.jar","/home/jbergqvist/.m2/repository/org/freemarker/freemarker/2.3.31/freemarker-2.3.31.jar","/home/jbergqvist/.m2/repository/org/slf4j/slf4j-api/1.7.32/slf4j-api-1.7.32.jar","/home/jbergqvist/.m2/repository/com/diffblue/cover/cover-annotations/1.8.0/cover-annotations-1.8.0.jar","/home/jbergqvist/.m2/repository/com/atlassian/commonmark/commonmark/0.15.2/commonmark-0.15.2.jar","/home/jbergqvist/.m2/repository/org/junit/jupiter/junit-jupiter-api/5.8.2/junit-jupiter-api-5.8.2.jar","/home/jbergqvist/.m2/repository/org/opentest4j/opentest4j/1.2.0/opentest4j-1.2.0.jar","/home/jbergqvist/.m2/repository/org/junit/platform/junit-platform-commons/1.8.2/junit-platform-commons-1.8.2.jar","/home/jbergqvist/.m2/repository/org/apiguardian/apiguardian-api/1.1.2/apiguardian-api-1.1.2.jar","/home/jbergqvist/.m2/repository/org/junit/jupiter/junit-jupiter-params/5.8.2/junit-jupiter-params-5.8.2.jar","/home/jbergqvist/.m2/repository/org/junit/jupiter/junit-jupiter-engine/5.8.2/junit-jupiter-engine-5.8.2.jar","/home/jbergqvist/.m2/repository/org/junit/platform/junit-platform-engine/1.8.2/junit-platform-engine-1.8.2.jar","/home/jbergqvist/.m2/repository/org/junit/vintage/junit-vintage-engine/5.8.2/junit-vintage-engine-5.8.2.jar","/home/jbergqvist/.m2/repository/junit/junit/4.13.2/junit-4.13.2.jar","/home/jbergqvist/.m2/repository/org/hamcrest/hamcrest-core/1.3/hamcrest-core-1.3.jar","/home/jbergqvist/.m2/repository/org/mockito/mockito-core/4.0.0/mockito-core-4.0.0.jar","/home/jbergqvist/.m2/repository/net/bytebuddy/byte-buddy/1.11.19/byte-buddy-1.11.19.jar","/home/jbergqvist/.m2/repository/net/bytebuddy/byte-buddy-agent/1.11.19/byte-buddy-agent-1.11.19.jar","/home/jbergqvist/.m2/repository/org/objenesis/objenesis/3.2/objenesis-3.2.jar","/home/jbergqvist/.m2/repository/org/openjdk/jmh/jmh-core/1.33/jmh-core-1.33.jar","/home/jbergqvist/.m2/repository/org/apache/commons/commons-math3/3.2/commons-math3-3.2.jar","/home/jbergqvist/.m2/repository/org/openjdk/jmh/jmh-generator-annprocess/1.33/jmh-generator-annprocess-1.33.jar","/home/jbergqvist/.m2/repository/org/xmlunit/xmlunit-core/2.8.3/xmlunit-core-2.8.3.jar","/home/jbergqvist/.m2/repository/jakarta/xml/bind/jakarta.xml.bind-api/2.3.3/jakarta.xml.bind-api-2.3.3.jar","/home/jbergqvist/.m2/repository/jakarta/activation/jakarta.activation-api/1.2.2/jakarta.activation-api-1.2.2.jar","/home/jbergqvist/.m2/repository/ch/qos/logback/logback-classic/1.2.9/logback-classic-1.2.9.jar","/home/jbergqvist/.m2/repository/ch/qos/logback/logback-core/1.2.9/logback-core-1.2.9.jar"],"complianceLevel":"1.8","productionSources":["/home/jbergqvist/diffblue/finos-messageml-utils/src/main/java"],"testSources":["/home/jbergqvist/diffblue/finos-messageml-utils/src/test/java"],"productionClasses":"/home/jbergqvist/diffblue/finos-messageml-utils/target/classes","testClasses":"/home/jbergqvist/diffblue/finos-messageml-utils/target/test-classes","sourceToBuildPathMap":null,"testSourceToBuildPathMap":null,"buildDirectory":"/home/jbergqvist/diffblue/finos-messageml-utils/target","plugins":[{"__type":"DefaultPlugin","groupId":"org.apache.maven.plugins","artefactId":"maven-surefire-plugin","version":"2.22.2","pluginClassName":null},{"__type":"DefaultPlugin","groupId":"org.apache.maven.plugins","artefactId":"maven-clean-plugin","version":"2.5","pluginClassName":null},{"__type":"DefaultPlugin","groupId":"org.apache.maven.plugins","artefactId":"maven-resources-plugin","version":"2.6","pluginClassName":null},{"__type":"DefaultPlugin","groupId":"org.apache.maven.plugins","artefactId":"maven-jar-plugin","version":"3.2.2","pluginClassName":null},{"__type":"DefaultPlugin","groupId":"org.apache.maven.plugins","artefactId":"maven-compiler-plugin","version":"3.1","pluginClassName":null},{"__type":"DefaultPlugin","groupId":"org.apache.maven.plugins","artefactId":"maven-install-plugin","version":"2.4","pluginClassName":null},{"__type":"DefaultPlugin","groupId":"org.apache.maven.plugins","artefactId":"maven-deploy-plugin","version":"3.0.0-M1","pluginClassName":null},{"__type":"DefaultPlugin","groupId":"org.apache.maven.plugins","artefactId":"maven-site-plugin","version":"3.3","pluginClassName":null}],"version":"3.8.4","encoding":"UTF-8","name":"maven","subModules":[],"simpleModuleName":null,"parentModuleName":null,"location":"/home/jbergqvist/diffblue/finos-messageml-utils","fullModuleName":"org.symphonyoss.symphony:messageml"}}
17:25:02.888 [INFO]   [Checking]    out: [INFO] ------------------------------------------------------------------------
17:25:02.889 [INFO]   [Checking]    out: [INFO] BUILD SUCCESS
17:25:02.889 [INFO]   [Checking]    out: [INFO] ------------------------------------------------------------------------
17:25:02.889 [INFO]   [Checking]    out: [INFO] Total time:  0.679 s
17:25:02.889 [INFO]   [Checking]    out: [INFO] Finished at: 2026-01-09T17:25:02Z
17:25:02.889 [INFO]   [Checking]    out: [INFO] ------------------------------------------------------------------------
17:25:02.889 [INFO]   [Checking]    deserializing line [DIFFBLUE]{"__type":"com.diffblue.cover.buildsystem.model.ProjectInfoMessage","projectName":"org.symphonyoss.symphony:messageml","productionSources":["/home/jbergqvist/diffblue/finos-messageml-utils/src/main/java"],"testSources":["/home/jbergqvist/diffblue/finos-messageml-utils/src/test/java"],"location":"/home/jbergqvist/diffblue/finos-messageml-utils"}
17:25:02.924 [INFO]   [Checking]    maven:err process not stopped, joining thread
17:25:02.925 [INFO]   [Checking]    maven:out process not stopped, joining thread
17:25:02.925 [INFO]   [Checking]    Deserializing project module message
17:25:02.925 [INFO]   [Checking]    deserializing line [DIFFBLUE]{"__type":"com.diffblue.cover.buildsystem.model.DefaultEventMessage","project":"org.symphonyoss.symphony:messageml","goal":"build-classpath","cause":null,"state":"STARTED"}
17:25:02.928 [INFO]   [Checking]    deserializing line [DIFFBLUE]{"__type":"com.diffblue.cover.buildsystem.model.DefaultEventMessage","project":"org.symphonyoss.symphony:messageml","goal":"build-classpath","cause":null,"state":"SUCCESS"}
17:25:02.930 [INFO]   [Checking]    deserializing line [DIFFBLUE]{"__type":"com.diffblue.cover.buildsystem.model.DefaultProjectModuleMessage","project":{"__type":"DefaultProjectModule","junitReport":["/home/jbergqvist/diffblue/finos-messageml-utils/target/surefire-reports"],"jacocoReport":["/home/jbergqvist/diffblue/finos-messageml-utils/target/site/jacoco/jacoco.xml"],"jacocoDestFile":["/home/jbergqvist/diffblue/finos-messageml-utils/target/jacoco.exec"],"jacocoFormats":["xml"],"jacocoSkipped":false,"classpath":["/home/jbergqvist/diffblue/finos-messageml-utils/target/classes","/home/jbergqvist/.m2/repository/org/projectlombok/lombok/1.18.42/lombok-1.18.42.jar","/home/jbergqvist/.m2/repository/com/github/java-json-tools/json-schema-validator/2.2.14/json-schema-validator-2.2.14.jar","/home/jbergqvist/.m2/repository/com/github/java-json-tools/jackson-coreutils-equivalence/1.0/jackson-coreutils-equivalence-1.0.jar","/home/jbergqvist/.m2/repository/com/github/java-json-tools/jackson-coreutils/2.0/jackson-coreutils-2.0.jar","/home/jbergqvist/.m2/repository/com/github/java-json-tools/msg-simple/1.2/msg-simple-1.2.jar","/home/jbergqvist/.m2/repository/com/github/java-json-tools/btf/1.3/btf-1.3.jar","/home/jbergqvist/.m2/repository/com/github/java-json-tools/json-schema-core/1.2.14/json-schema-core-1.2.14.jar","/home/jbergqvist/.m2/repository/com/github/java-json-tools/uri-template/0.10/uri-template-0.10.jar","/home/jbergqvist/.m2/repository/com/sun/mail/mailapi/1.6.2/mailapi-1.6.2.jar","/home/jbergqvist/.m2/repository/joda-time/joda-time/2.10.5/joda-time-2.10.5.jar","/home/jbergqvist/.m2/repository/com/googlecode/libphonenumber/libphonenumber/8.11.1/libphonenumber-8.11.1.jar","/home/jbergqvist/.m2/repository/com/google/code/findbugs/jsr305/3.0.2/jsr305-3.0.2.jar","/home/jbergqvist/.m2/repository/net/sf/jopt-simple/jopt-simple/5.0.4/jopt-simple-5.0.4.jar","/home/jbergqvist/.m2/repository/org/mozilla/rhino/1.7.13/rhino-1.7.13.jar","/home/jbergqvist/.m2/repository/com/google/guava/guava/32.1.2-jre/guava-32.1.2-jre.jar","/home/jbergqvist/.m2/repository/com/google/guava/failureaccess/1.0.1/failureaccess-1.0.1.jar","/home/jbergqvist/.m2/repository/com/google/guava/listenablefuture/9999.0-empty-to-avoid-conflict-with-guava/listenablefuture-9999.0-empty-to-avoid-conflict-with-guava.jar","/home/jbergqvist/.m2/repository/org/checkerframework/checker-qual/3.33.0/checker-qual-3.33.0.jar","/home/jbergqvist/.m2/repository/com/google/errorprone/error_prone_annotations/2.18.0/error_prone_annotations-2.18.0.jar","/home/jbergqvist/.m2/repository/com/google/j2objc/j2objc-annotations/2.8/j2objc-annotations-2.8.jar","/home/jbergqvist/.m2/repository/com/fasterxml/jackson/core/jackson-core/2.15.2/jackson-core-2.15.2.jar","/home/jbergqvist/.m2/repository/com/fasterxml/jackson/core/jackson-databind/2.15.2/jackson-databind-2.15.2.jar","/home/jbergqvist/.m2/repository/com/fasterxml/jackson/core/jackson-annotations/2.15.2/jackson-annotations-2.15.2.jar","/home/jbergqvist/.m2/repository/commons-io/commons-io/2.11.0/commons-io-2.11.0.jar","/home/jbergqvist/.m2/repository/org/apache/commons/commons-lang3/3.12.0/commons-lang3-3.12.0.jar","/home/jbergqvist/.m2/repository/org/freemarker/freemarker/2.3.31/freemarker-2.3.31.jar","/home/jbergqvist/.m2/repository/org/slf4j/slf4j-api/1.7.32/slf4j-api-1.7.32.jar","/home/jbergqvist/.m2/repository/com/diffblue/cover/cover-annotations/1.8.0/cover-annotations-1.8.0.jar","/home/jbergqvist/.m2/repository/com/atlassian/commonmark/commonmark/0.15.2/commonmark-0.15.2.jar","/home/jbergqvist/.m2/repository/org/junit/jupiter/junit-jupiter-api/5.8.2/junit-jupiter-api-5.8.2.jar","/home/jbergqvist/.m2/repository/org/opentest4j/opentest4j/1.2.0/opentest4j-1.2.0.jar","/home/jbergqvist/.m2/repository/org/junit/platform/junit-platform-commons/1.8.2/junit-platform-commons-1.8.2.jar","/home/jbergqvist/.m2/repository/org/apiguardian/apiguardian-api/1.1.2/apiguardian-api-1.1.2.jar","/home/jbergqvist/.m2/repository/org/junit/jupiter/junit-jupiter-params/5.8.2/junit-jupiter-params-5.8.2.jar","/home/jbergqvist/.m2/repository/org/junit/jupiter/junit-jupiter-engine/5.8.2/junit-jupiter-engine-5.8.2.jar","/home/jbergqvist/.m2/repository/org/junit/platform/junit-platform-engine/1.8.2/junit-platform-engine-1.8.2.jar","/home/jbergqvist/.m2/repository/org/junit/vintage/junit-vintage-engine/5.8.2/junit-vintage-engine-5.8.2.jar","/home/jbergqvist/.m2/repository/junit/junit/4.13.2/junit-4.13.2.jar","/home/jbergqvist/.m2/repository/org/hamcrest/hamcrest-core/1.3/hamcrest-core-1.3.jar","/home/jbergqvist/.m2/repository/org/mockito/mockito-core/4.0.0/mockito-core-4.0.0.jar","/home/jbergqvist/.m2/repository/net/bytebuddy/byte-buddy/1.11.19/byte-buddy-1.11.19.jar","/home/jbergqvist/.m2/repository/net/bytebuddy/byte-buddy-agent/1.11.19/byte-buddy-agent-1.11.19.jar","/home/jbergqvist/.m2/repository/org/objenesis/objenesis/3.2/objenesis-3.2.jar","/home/jbergqvist/.m2/repository/org/openjdk/jmh/jmh-core/1.33/jmh-core-1.33.jar","/home/jbergqvist/.m2/repository/org/apache/commons/commons-math3/3.2/commons-math3-3.2.jar","/home/jbergqvist/.m2/repository/org/openjdk/jmh/jmh-generator-annprocess/1.33/jmh-generator-annprocess-1.33.jar","/home/jbergqvist/.m2/repository/org/xmlunit/xmlunit-core/2.8.3/xmlunit-core-2.8.3.jar","/home/jbergqvist/.m2/repository/jakarta/xml/bind/jakarta.xml.bind-api/2.3.3/jakarta.xml.bind-api-2.3.3.jar","/home/jbergqvist/.m2/repository/jakarta/activation/jakarta.activation-api/1.2.2/jakarta.activation-api-1.2.2.jar","/home/jbergqvist/.m2/repository/ch/qos/logback/logback-classic/1.2.9/logback-classic-1.2.9.jar","/home/jbergqvist/.m2/repository/ch/qos/logback/logback-core/1.2.9/logback-core-1.2.9.jar"],"complianceLevel":"1.8","productionSources":["/home/jbergqvist/diffblue/finos-messageml-utils/src/main/java"],"testSources":["/home/jbergqvist/diffblue/finos-messageml-utils/src/test/java"],"productionClasses":"/home/jbergqvist/diffblue/finos-messageml-utils/target/classes","testClasses":"/home/jbergqvist/diffblue/finos-messageml-utils/target/test-classes","sourceToBuildPathMap":null,"testSourceToBuildPathMap":null,"buildDirectory":"/home/jbergqvist/diffblue/finos-messageml-utils/target","plugins":[{"__type":"DefaultPlugin","groupId":"org.apache.maven.plugins","artefactId":"maven-surefire-plugin","version":"2.22.2","pluginClassName":null},{"__type":"DefaultPlugin","groupId":"org.apache.maven.plugins","artefactId":"maven-clean-plugin","version":"2.5","pluginClassName":null},{"__type":"DefaultPlugin","groupId":"org.apache.maven.plugins","artefactId":"maven-resources-plugin","version":"2.6","pluginClassName":null},{"__type":"DefaultPlugin","groupId":"org.apache.maven.plugins","artefactId":"maven-jar-plugin","version":"3.2.2","pluginClassName":null},{"__type":"DefaultPlugin","groupId":"org.apache.maven.plugins","artefactId":"maven-compiler-plugin","version":"3.1","pluginClassName":null},{"__type":"DefaultPlugin","groupId":"org.apache.maven.plugins","artefactId":"maven-install-plugin","version":"2.4","pluginClassName":null},{"__type":"DefaultPlugin","groupId":"org.apache.maven.plugins","artefactId":"maven-deploy-plugin","version":"3.0.0-M1","pluginClassName":null},{"__type":"DefaultPlugin","groupId":"org.apache.maven.plugins","artefactId":"maven-site-plugin","version":"3.3","pluginClassName":null}],"version":"3.8.4","encoding":"UTF-8","name":"maven","subModules":[],"simpleModuleName":null,"parentModuleName":null,"location":"/home/jbergqvist/diffblue/finos-messageml-utils","fullModuleName":"org.symphonyoss.symphony:messageml"}}
17:25:02.936 [INFO]   [Checking]    deserializing line [DIFFBLUE]{"__type":"com.diffblue.cover.buildsystem.model.ProjectInfoMessage","projectName":"org.symphonyoss.symphony:messageml","productionSources":["/home/jbergqvist/diffblue/finos-messageml-utils/src/main/java"],"testSources":["/home/jbergqvist/diffblue/finos-messageml-utils/src/test/java"],"location":"/home/jbergqvist/diffblue/finos-messageml-utils"}
17:25:02.938 [INFO]   [Checking]    Found 1 ProjectModuleMessages (ignoring buildSrc projects)
17:25:02.938 [INFO]   [Checking]    Found module org.symphonyoss.symphony:messageml in the working directory /home/jbergqvist/diffblue/finos-messageml-utils
17:25:02.938 [INFO]   [Checking]    deserialized project module is present? true
17:25:02.953 [INFO]   [Checking]    Operating System: Linux amd64 6.8.0-90-generic
17:25:02.953 [INFO]   [Checking]    Default charset: UTF-8
17:25:02.953 [INFO]   [Checking]    Default locale: en_GB
17:25:02.955 [INFO]   [Checking]    Default time zone: Europe/London
17:25:02.963 [INFO]   [Checking]    Discovered modules:
17:25:02.964 [INFO]   [Checking]    - org.symphonyoss.symphony:messageml
17:25:02.964 [INFO]   [Checking]    
17:25:02.967 [INFO]   [Checking]    
17:25:02.967 [INFO]   [Checking]    [1/1] Diagnosing issues for module: org.symphonyoss.symphony:messageml
17:25:02.967 [INFO]   [Checking]    ======================================================================
17:25:02.967 [INFO]   [Checking]    
17:25:02.974 [INFO]   [Checking]    Detected Java version 11.0.29
17:25:02.981 [INFO]   [Checking]    Maven Using ${maven.home} of: /home/jbergqvist/diffblue/finos-messageml-utils.
17:25:02.981 [INFO]   [Checking]    Maven Executing: /bin/sh -c cd /home/jbergqvist/diffblue/finos-messageml-utils && /home/jbergqvist/diffblue/finos-messageml-utils/mvnw -B -version
17:25:03.146 [INFO]   [Checking]    Standard output of build tool (Maven)
17:25:03.146 [INFO]   [Checking]    > Apache Maven 3.8.4 (9b656c72d54e5bacbed989b64718c159fe39b537)
17:25:03.147 [INFO]   [Checking]    > Maven home: /home/jbergqvist/.m2/wrapper/dists/apache-maven-3.8.4-bin/52ccbt68d252mdldqsfsn03jlf/apache-maven-3.8.4
17:25:03.147 [INFO]   [Checking]    > Java version: 11.0.29, vendor: Amazon.com Inc., runtime: /home/jbergqvist/.sdkman/candidates/java/11.0.29-amzn
17:25:03.147 [INFO]   [Checking]    > Default locale: en_GB, platform encoding: UTF-8
17:25:03.147 [INFO]   [Checking]    > OS name: "linux", version: "6.8.0-90-generic", arch: "amd64", family: "unix"
17:25:03.147 [INFO]   [Checking]    Detected build system: Maven 3.8.4
17:25:03.160 [INFO]   [Checking]    Operating System: Linux amd64 6.8.0-90-generic
17:25:03.160 [INFO]   [Checking]    Default charset: UTF-8
17:25:03.160 [INFO]   [Checking]    Default locale: en_GB
17:25:03.160 [INFO]   [Checking]    Default time zone: Europe/London
17:25:03.162 [INFO]   [Checking]    Selected build system: Maven
17:25:03.162 [INFO]   [Checking]    Detected JVM architecture: 64-Bit
17:25:03.169 [INFO]   [Checking]    
17:25:03.169 [INFO]   [Checking]    Environment summary for module: org.symphonyoss.symphony:messageml
17:25:03.169 [INFO]   [Checking]    ------------------------------------------------------------------
17:25:03.169 [INFO]   [Checking]    Java version                   11.0.29                       SUCCESS        
17:25:03.169 [INFO]   [Checking]    Build system                   Maven                         SUCCESS        
17:25:03.169 [INFO]   [Checking]    
17:25:03.170 [INFO]   [Checking]    Environment check status: SUCCESS
17:25:03.170 [INFO]   [Reporting]   Reading report file '/home/jbergqvist/diffblue/finos-messageml-utils/.diffblue/reports/report.json'
17:25:03.240 [INFO]   [Reporting]   Copied report file to '/home/jbergqvist/diffblue/finos-messageml-utils/.diffblue/reports/report-20260109T164253.json'
17:25:03.293 [INFO]   [Reporting]   
17:25:03.295 [INFO]   [Reporting]   R083: Can't find a suitable constructor
Diffblue Cover was unable to construct an instance of EntityJsonContext.
No suitable constructor or factory method found. Please check that the class
under test has a non-private constructor or factory method.
See https://diff.blue/R083 for further troubleshooting of this issue.

17:25:03.297 [INFO]   [Reporting]   Affected methods:
org.symphonyoss.symphony.entityjson.EntityJsonContext.getInstanceJsonNode:()Lcom/fasterxml/jackson/databind/node/ObjectNode;
org.symphonyoss.symphony.entityjson.EntityJsonContext.getInstanceSource:()Ljava/lang/Object;
org.symphonyoss.symphony.entityjson.EntityJsonContext.getSchemaJsonNode:()Lcom/fasterxml/jackson/databind/node/ObjectNode;
org.symphonyoss.symphony.entityjson.EntityJsonContext.getSchemaSource:()Ljava/lang/Object;
org.symphonyoss.symphony.entityjson.EntityJsonContext.getValidationResult:()Ljava/lang/Object;
org.symphonyoss.symphony.entityjson.EntityJsonContext.withValidationResult:(Ljava/lang/Object;)Lorg/symphonyoss/symphony/entityjson/IEntityJsonSchemaContext;

17:25:03.297 [INFO]   [Reporting]   To resolve the issue, use the following prompt with your AI assistant:

Fix the following issue preventing test creation for:
org.symphonyoss.symphony.entityjson.EntityJsonContext.getInstanceJsonNode:()Lcom/fasterxml/jackson/databind/node/ObjectNode;
org.symphonyoss.symphony.entityjson.EntityJsonContext.getInstanceSource:()Ljava/lang/Object;
org.symphonyoss.symphony.entityjson.EntityJsonContext.getSchemaJsonNode:()Lcom/fasterxml/jackson/databind/node/ObjectNode;
org.symphonyoss.symphony.entityjson.EntityJsonContext.getSchemaSource:()Ljava/lang/Object;
org.symphonyoss.symphony.entityjson.EntityJsonContext.getValidationResult:()Ljava/lang/Object;
org.symphonyoss.symphony.entityjson.EntityJsonContext.withValidationResult:(Ljava/lang/Object;)Lorg/symphonyoss/symphony/entityjson/IEntityJsonSchemaContext;

Diffblue Cover was unable to construct an instance of EntityJsonContext.
No suitable constructor or factory method found. Please check that the class
under test has a non-private constructor or factory method.
See https://diff.blue/R083 for further troubleshooting of this issue.

17:25:03.297 [INFO]   [Reporting]   
17:25:03.298 [INFO]   [Reporting]   R013: No inputs found that don't throw a trivial exception
Diffblue Cover tried to run the arrange/act section, but the test threw
java.lang.IndexOutOfBoundsException: Index 1 out of bounds for length 0
    at jdk.internal.util.Preconditions.outOfBounds(Preconditions.java:64)
    at jdk.internal.util.Preconditions.outOfBoundsCheckIndex(Preconditions.java:70)
    at jdk.internal.util.Preconditions.checkIndex(Preconditions.java:248)
    at java.util.Objects.checkIndex(Objects.java:374)
    at java.util.ArrayList.get(ArrayList.java:459)
    at java.util.Collections$UnmodifiableList.get(Collections.java:1310)
    at org.symphonyoss.symphony.entityjson.EntityJson.get(EntityJson.java:172)
In order to prevent the method under test
from throwing IndexOutOfBoundsException, add constructors or factory
methods that make it easier to construct fully initialized objects used in
the method under test.
See https://diff.blue/R013 to resolve this issue.

17:25:03.299 [INFO]   [Reporting]   Affected methods:
org.symphonyoss.symphony.entityjson.EntityJson.get:(I)Lorg/symphonyoss/symphony/entityjson/StructuredObject;

17:25:03.299 [INFO]   [Reporting]   To resolve the issue, use the following prompt with your AI assistant:

We are unit testing `org.symphonyoss.symphony.entityjson.EntityJson.get:(I)Lorg/symphonyoss/symphony/entityjson/StructuredObject;`.

Create a parameterless factory method for the problematic
parameter/this object, determining which by reading the error message below.
The new factory method should be in the test classpath, not production.
Create a new factory class if there isn't already one for the class under test.
Do not create a test yourself, only a factory (don't test the factory either).
The factory must be annotated with `@com.diffblue.cover.annotations.InterestingTestFactory`.
Avoid using mocks, these tend to produce unused stubbing errors or a
`java.lang.NullPointerException`.
If your environment has internet access then further documentation on
factory methods for Cover can be found here:
https://docs.diffblue.com/features/tutorials/increase-code-coverage#test-factory-pattern

The factory should produce a parameter/this object such that
the following exception does not occur:

```
java.lang.IndexOutOfBoundsException: Index 1 out of bounds for length 0
  at jdk.internal.util.Preconditions.outOfBounds(Preconditions.java:64)
  at jdk.internal.util.Preconditions.outOfBoundsCheckIndex(Preconditions.java:70)
  at jdk.internal.util.Preconditions.checkIndex(Preconditions.java:248)
  at java.util.Objects.checkIndex(Objects.java:374)
  at java.util.ArrayList.get(ArrayList.java:459)
  at java.util.Collections$UnmodifiableList.get(Collections.java:1310)
  at org.symphonyoss.symphony.entityjson.EntityJson.get(EntityJson.java:172)
```

Recompile the project to make sure the new factory is available to Cover.
For example run `mvn install -DskipTests` or `gradle install -x test`.

17:25:03.299 [INFO]   [Reporting]   
17:25:03.300 [INFO]   [Reporting]   R013: No inputs found that don't throw a trivial exception
Diffblue Cover tried to run the arrange/act section, but the test threw
java.lang.NullPointerException
    at org.symphonyoss.symphony.entityjson.StructuredObject.<init>(StructuredObject.java:81)
    at org.symphonyoss.symphony.entityjson.StructuredObject.<init>(StructuredObject.java:72)
In order to prevent the method under test
from throwing NullPointerException, add constructors or factory
methods that make it easier to construct fully initialized objects used in
the method under test.
See https://diff.blue/R013 to resolve this issue.

17:25:03.300 [INFO]   [Reporting]   Affected methods:
org.symphonyoss.symphony.entityjson.StructuredObject.validate:(Lorg/symphonyoss/symphony/entityjson/EntityJsonParser;)Lorg/symphonyoss/symphony/entityjson/IEntityJsonSchemaContext;

17:25:03.300 [INFO]   [Reporting]   To resolve the issue, use the following prompt with your AI assistant:

We are unit testing `org.symphonyoss.symphony.entityjson.StructuredObject.validate:(Lorg/symphonyoss/symphony/entityjson/EntityJsonParser;)Lorg/symphonyoss/symphony/entityjson/IEntityJsonSchemaContext;`.

Create a parameterless factory method for the problematic
parameter/this object, determining which by reading the error message below.
The new factory method should be in the test classpath, not production.
Create a new factory class if there isn't already one for the class under test.
Do not create a test yourself, only a factory (don't test the factory either).
The factory must be annotated with `@com.diffblue.cover.annotations.InterestingTestFactory`.
Avoid using mocks, these tend to produce unused stubbing errors or a
`java.lang.NullPointerException`.
If your environment has internet access then further documentation on
factory methods for Cover can be found here:
https://docs.diffblue.com/features/tutorials/increase-code-coverage#test-factory-pattern

The factory should produce a parameter/this object such that
the following exception does not occur:

```
java.lang.NullPointerException
  at org.symphonyoss.symphony.entityjson.StructuredObject.<init>(StructuredObject.java:81)
  at org.symphonyoss.symphony.entityjson.StructuredObject.<init>(StructuredObject.java:72)
```

Recompile the project to make sure the new factory is available to Cover.
For example run `mvn install -DskipTests` or `gradle install -x test`.

17:25:03.301 [INFO]   [Reporting]   
17:25:03.301 [INFO]   [Reporting]   32 issues were found, numbers 1-3 were displayed
17:25:03.301 [INFO]   [Reporting]   Rerun with --prompts --skip 3 to see the next set of issues
17:25:03.301 [INFO]   [Reporting]   Rerun without --prompts to summarise all the issues
17:25:03.303 [INFO]   [Reporting]   
17:25:03.304 [INFO]   [Reporting]   Log file: /home/jbergqvist/diffblue/finos-messageml-utils/.diffblue/log/user-20260109T172500.log
17:25:03.304 [INFO]   [Reporting]   Finished in 3s
