16:39:49.673 [INFO]   [Preparing]   Diffblue Cover 2025.12.02-74144f0-licensed
16:39:49.673 [INFO]   [Preparing]   Running: dcover refactor
16:39:49.674 [INFO]   [Preparing]   
16:39:49.674 [INFO]   [Preparing]   Command: refactor
16:39:49.674 [INFO]   [Preparing]   Apply refactorings.
16:39:49.674 [INFO]   [Preparing]   
16:39:50.033 [INFO]   [Checking]    Maven Using ${maven.home} of: /home/jbergqvist/diffblue/finos-messageml-utils.
16:39:50.035 [INFO]   [Checking]    Maven Executing: /bin/sh -c cd /home/jbergqvist/diffblue/finos-messageml-utils && /home/jbergqvist/diffblue/finos-messageml-utils/mvnw -B -version
16:39:50.252 [INFO]   [Checking]    Standard output of build tool (Maven)
16:39:50.253 [INFO]   [Checking]    > Apache Maven 3.8.4 (9b656c72d54e5bacbed989b64718c159fe39b537)
16:39:50.253 [INFO]   [Checking]    > Maven home: /home/jbergqvist/.m2/wrapper/dists/apache-maven-3.8.4-bin/52ccbt68d252mdldqsfsn03jlf/apache-maven-3.8.4
16:39:50.253 [INFO]   [Checking]    > Java version: 11.0.29, vendor: Amazon.com Inc., runtime: /home/jbergqvist/.sdkman/candidates/java/11.0.29-amzn
16:39:50.253 [INFO]   [Checking]    > Default locale: en_GB, platform encoding: UTF-8
16:39:50.253 [INFO]   [Checking]    > OS name: "linux", version: "6.8.0-90-generic", arch: "amd64", family: "unix"
16:39:50.255 [INFO]   [Checking]    Using default build rules as no custom rules found in any of [/home/jbergqvist/diffblue/finos-messageml-utils]
16:39:50.260 [INFO]   [Checking]    Attempting to invoke /home/jbergqvist/diffblue/finos-messageml-utils/mvnw in working directory: /home/jbergqvist/diffblue/finos-messageml-utils
16:39:50.260 [INFO]   [Checking]    Started "/home/jbergqvist/diffblue/finos-messageml-utils/mvnw -Dmaven.ext.class.path=/opt/cover/cover-buildsystem-maven-spy-jar-with-dependencies.jar -Dcom.diffblue.cover.skipTests=true -DskipTestOptimizer --batch-mode --global-settings=/home/jbergqvist/.sdkman/candidates/maven/current/conf/settings.xml dependency:build-classpath"
16:39:50.862 [INFO]   [Checking]    out: [INFO] Scanning for projects...
16:39:50.992 [INFO]   [Checking]    out: [INFO] 
16:39:50.992 [INFO]   [Checking]    out: [INFO] -----------------< org.symphonyoss.symphony:messageml >-----------------
16:39:50.992 [INFO]   [Checking]    out: [INFO] Building MessageML Utils 0.13.0
16:39:50.993 [INFO]   [Checking]    out: [INFO] --------------------------------[ jar ]---------------------------------
16:39:51.189 [INFO]   [Checking]    deserializing line [DIFFBLUE]{"__type":"com.diffblue.cover.buildsystem.model.DefaultEventMessage","project":"org.symphonyoss.symphony:messageml","goal":"build-classpath","cause":null,"state":"STARTED"}
16:39:51.259 [INFO]   [Checking]    out: [INFO] 
16:39:51.260 [INFO]   [Checking]    out: [INFO] --- maven-dependency-plugin:2.8:build-classpath (default-cli) @ messageml ---
16:39:51.269 [INFO]   [Checking]    out: [WARNING] The artifact xml-apis:xml-apis:jar:2.0.2 has been relocated to xml-apis:xml-apis:jar:1.0.b2
16:39:51.463 [INFO]   [Checking]    out: [INFO] Dependencies classpath:
16:39:51.463 [INFO]   [Checking]    out: /home/jbergqvist/.m2/repository/org/projectlombok/lombok/1.18.42/lombok-1.18.42.jar:/home/jbergqvist/.m2/repository/com/github/java-json-tools/json-schema-validator/2.2.14/json-schema-validator-2.2.14.jar:/home/jbergqvist/.m2/repository/com/github/java-json-tools/jackson-coreutils-equivalence/1.0/jackson-coreutils-equivalence-1.0.jar:/home/jbergqvist/.m2/repository/com/github/java-json-tools/jackson-coreutils/2.0/jackson-coreutils-2.0.jar:/home/jbergqvist/.m2/repository/com/github/java-json-tools/msg-simple/1.2/msg-simple-1.2.jar:/home/jbergqvist/.m2/repository/com/github/java-json-tools/btf/1.3/btf-1.3.jar:/home/jbergqvist/.m2/repository/com/github/java-json-tools/json-schema-core/1.2.14/json-schema-core-1.2.14.jar:/home/jbergqvist/.m2/repository/com/github/java-json-tools/uri-template/0.10/uri-template-0.10.jar:/home/jbergqvist/.m2/repository/com/sun/mail/mailapi/1.6.2/mailapi-1.6.2.jar:/home/jbergqvist/.m2/repository/joda-time/joda-time/2.10.5/joda-time-2.10.5.jar:/home/jbergqvist/.m2/repository/com/googlecode/libphonenumber/libphonenumber/8.11.1/libphonenumber-8.11.1.jar:/home/jbergqvist/.m2/repository/com/google/code/findbugs/jsr305/3.0.2/jsr305-3.0.2.jar:/home/jbergqvist/.m2/repository/net/sf/jopt-simple/jopt-simple/5.0.4/jopt-simple-5.0.4.jar:/home/jbergqvist/.m2/repository/org/mozilla/rhino/1.7.13/rhino-1.7.13.jar:/home/jbergqvist/.m2/repository/com/google/guava/guava/32.1.2-jre/guava-32.1.2-jre.jar:/home/jbergqvist/.m2/repository/com/google/guava/failureaccess/1.0.1/failureaccess-1.0.1.jar:/home/jbergqvist/.m2/repository/com/google/guava/listenablefuture/9999.0-empty-to-avoid-conflict-with-guava/listenablefuture-9999.0-empty-to-avoid-conflict-with-guava.jar:/home/jbergqvist/.m2/repository/org/checkerframework/checker-qual/3.33.0/checker-qual-3.33.0.jar:/home/jbergqvist/.m2/repository/com/google/errorprone/error_prone_annotations/2.18.0/error_prone_annotations-2.18.0.jar:/home/jbergqvist/.m2/repository/com/google/j2objc/j2objc-annotations/2.8/j2objc-annotations-2.8.jar:/home/jbergqvist/.m2/repository/com/fasterxml/jackson/core/jackson-core/2.15.2/jackson-core-2.15.2.jar:/home/jbergqvist/.m2/repository/com/fasterxml/jackson/core/jackson-databind/2.15.2/jackson-databind-2.15.2.jar:/home/jbergqvist/.m2/repository/com/fasterxml/jackson/core/jackson-annotations/2.15.2/jackson-annotations-2.15.2.jar:/home/jbergqvist/.m2/repository/commons-io/commons-io/2.11.0/commons-io-2.11.0.jar:/home/jbergqvist/.m2/repository/org/apache/commons/commons-lang3/3.12.0/commons-lang3-3.12.0.jar:/home/jbergqvist/.m2/repository/org/freemarker/freemarker/2.3.31/freemarker-2.3.31.jar:/home/jbergqvist/.m2/repository/org/slf4j/slf4j-api/1.7.32/slf4j-api-1.7.32.jar:/home/jbergqvist/.m2/repository/com/diffblue/cover/cover-annotations/1.8.0/cover-annotations-1.8.0.jar:/home/jbergqvist/.m2/repository/com/atlassian/commonmark/commonmark/0.15.2/commonmark-0.15.2.jar:/home/jbergqvist/.m2/repository/org/junit/jupiter/junit-jupiter-api/5.8.2/junit-jupiter-api-5.8.2.jar:/home/jbergqvist/.m2/repository/org/opentest4j/opentest4j/1.2.0/opentest4j-1.2.0.jar:/home/jbergqvist/.m2/repository/org/junit/platform/junit-platform-commons/1.8.2/junit-platform-commons-1.8.2.jar:/home/jbergqvist/.m2/repository/org/apiguardian/apiguardian-api/1.1.2/apiguardian-api-1.1.2.jar:/home/jbergqvist/.m2/repository/org/junit/jupiter/junit-jupiter-params/5.8.2/junit-jupiter-params-5.8.2.jar:/home/jbergqvist/.m2/repository/org/junit/jupiter/junit-jupiter-engine/5.8.2/junit-jupiter-engine-5.8.2.jar:/home/jbergqvist/.m2/repository/org/junit/platform/junit-platform-engine/1.8.2/junit-platform-engine-1.8.2.jar:/home/jbergqvist/.m2/repository/org/junit/vintage/junit-vintage-engine/5.8.2/junit-vintage-engine-5.8.2.jar:/home/jbergqvist/.m2/repository/junit/junit/4.13.2/junit-4.13.2.jar:/home/jbergqvist/.m2/repository/org/hamcrest/hamcrest-core/1.3/hamcrest-core-1.3.jar:/home/jbergqvist/.m2/repository/org/mockito/mockito-core/4.0.0/mockito-core-4.0.0.jar:/home/jbergqvist/.m2/repository/net/bytebuddy/byte-buddy/1.11.19/byte-buddy-1.11.19.jar:/home/jbergqvist/.m2/repository/net/bytebuddy/byte-buddy-agent/1.11.19/byte-buddy-agent-1.11.19.jar:/home/jbergqvist/.m2/repository/org/objenesis/objenesis/3.2/objenesis-3.2.jar:/home/jbergqvist/.m2/repository/org/openjdk/jmh/jmh-core/1.33/jmh-core-1.33.jar:/home/jbergqvist/.m2/repository/org/apache/commons/commons-math3/3.2/commons-math3-3.2.jar:/home/jbergqvist/.m2/repository/org/openjdk/jmh/jmh-generator-annprocess/1.33/jmh-generator-annprocess-1.33.jar:/home/jbergqvist/.m2/repository/org/xmlunit/xmlunit-core/2.8.3/xmlunit-core-2.8.3.jar:/home/jbergqvist/.m2/repository/jakarta/xml/bind/jakarta.xml.bind-api/2.3.3/jakarta.xml.bind-api-2.3.3.jar:/home/jbergqvist/.m2/repository/jakarta/activation/jakarta.activation-api/1.2.2/jakarta.activation-api-1.2.2.jar:/home/jbergqvist/.m2/repository/ch/qos/logback/logback-classic/1.2.9/logback-classic-1.2.9.jar:/home/jbergqvist/.m2/repository/ch/qos/logback/logback-core/1.2.9/logback-core-1.2.9.jar
16:39:51.464 [INFO]   [Checking]    deserializing line [DIFFBLUE]{"__type":"com.diffblue.cover.buildsystem.model.DefaultEventMessage","project":"org.symphonyoss.symphony:messageml","goal":"build-classpath","cause":null,"state":"SUCCESS"}
16:39:51.498 [INFO]   [Checking]    deserializing line [DIFFBLUE]{"__type":"com.diffblue.cover.buildsystem.model.DefaultProjectModuleMessage","project":{"__type":"DefaultProjectModule","junitReport":["/home/jbergqvist/diffblue/finos-messageml-utils/target/surefire-reports"],"jacocoReport":["/home/jbergqvist/diffblue/finos-messageml-utils/target/site/jacoco/jacoco.xml"],"jacocoDestFile":["/home/jbergqvist/diffblue/finos-messageml-utils/target/jacoco.exec"],"jacocoFormats":["xml"],"jacocoSkipped":false,"classpath":["/home/jbergqvist/diffblue/finos-messageml-utils/target/classes","/home/jbergqvist/.m2/repository/org/projectlombok/lombok/1.18.42/lombok-1.18.42.jar","/home/jbergqvist/.m2/repository/com/github/java-json-tools/json-schema-validator/2.2.14/json-schema-validator-2.2.14.jar","/home/jbergqvist/.m2/repository/com/github/java-json-tools/jackson-coreutils-equivalence/1.0/jackson-coreutils-equivalence-1.0.jar","/home/jbergqvist/.m2/repository/com/github/java-json-tools/jackson-coreutils/2.0/jackson-coreutils-2.0.jar","/home/jbergqvist/.m2/repository/com/github/java-json-tools/msg-simple/1.2/msg-simple-1.2.jar","/home/jbergqvist/.m2/repository/com/github/java-json-tools/btf/1.3/btf-1.3.jar","/home/jbergqvist/.m2/repository/com/github/java-json-tools/json-schema-core/1.2.14/json-schema-core-1.2.14.jar","/home/jbergqvist/.m2/repository/com/github/java-json-tools/uri-template/0.10/uri-template-0.10.jar","/home/jbergqvist/.m2/repository/com/sun/mail/mailapi/1.6.2/mailapi-1.6.2.jar","/home/jbergqvist/.m2/repository/joda-time/joda-time/2.10.5/joda-time-2.10.5.jar","/home/jbergqvist/.m2/repository/com/googlecode/libphonenumber/libphonenumber/8.11.1/libphonenumber-8.11.1.jar","/home/jbergqvist/.m2/repository/com/google/code/findbugs/jsr305/3.0.2/jsr305-3.0.2.jar","/home/jbergqvist/.m2/repository/net/sf/jopt-simple/jopt-simple/5.0.4/jopt-simple-5.0.4.jar","/home/jbergqvist/.m2/repository/org/mozilla/rhino/1.7.13/rhino-1.7.13.jar","/home/jbergqvist/.m2/repository/com/google/guava/guava/32.1.2-jre/guava-32.1.2-jre.jar","/home/jbergqvist/.m2/repository/com/google/guava/failureaccess/1.0.1/failureaccess-1.0.1.jar","/home/jbergqvist/.m2/repository/com/google/guava/listenablefuture/9999.0-empty-to-avoid-conflict-with-guava/listenablefuture-9999.0-empty-to-avoid-conflict-with-guava.jar","/home/jbergqvist/.m2/repository/org/checkerframework/checker-qual/3.33.0/checker-qual-3.33.0.jar","/home/jbergqvist/.m2/repository/com/google/errorprone/error_prone_annotations/2.18.0/error_prone_annotations-2.18.0.jar","/home/jbergqvist/.m2/repository/com/google/j2objc/j2objc-annotations/2.8/j2objc-annotations-2.8.jar","/home/jbergqvist/.m2/repository/com/fasterxml/jackson/core/jackson-core/2.15.2/jackson-core-2.15.2.jar","/home/jbergqvist/.m2/repository/com/fasterxml/jackson/core/jackson-databind/2.15.2/jackson-databind-2.15.2.jar","/home/jbergqvist/.m2/repository/com/fasterxml/jackson/core/jackson-annotations/2.15.2/jackson-annotations-2.15.2.jar","/home/jbergqvist/.m2/repository/commons-io/commons-io/2.11.0/commons-io-2.11.0.jar","/home/jbergqvist/.m2/repository/org/apache/commons/commons-lang3/3.12.0/commons-lang3-3.12.0.jar","/home/jbergqvist/.m2/repository/org/freemarker/freemarker/2.3.31/freemarker-2.3.31.jar","/home/jbergqvist/.m2/repository/org/slf4j/slf4j-api/1.7.32/slf4j-api-1.7.32.jar","/home/jbergqvist/.m2/repository/com/diffblue/cover/cover-annotations/1.8.0/cover-annotations-1.8.0.jar","/home/jbergqvist/.m2/repository/com/atlassian/commonmark/commonmark/0.15.2/commonmark-0.15.2.jar","/home/jbergqvist/.m2/repository/org/junit/jupiter/junit-jupiter-api/5.8.2/junit-jupiter-api-5.8.2.jar","/home/jbergqvist/.m2/repository/org/opentest4j/opentest4j/1.2.0/opentest4j-1.2.0.jar","/home/jbergqvist/.m2/repository/org/junit/platform/junit-platform-commons/1.8.2/junit-platform-commons-1.8.2.jar","/home/jbergqvist/.m2/repository/org/apiguardian/apiguardian-api/1.1.2/apiguardian-api-1.1.2.jar","/home/jbergqvist/.m2/repository/org/junit/jupiter/junit-jupiter-params/5.8.2/junit-jupiter-params-5.8.2.jar","/home/jbergqvist/.m2/repository/org/junit/jupiter/junit-jupiter-engine/5.8.2/junit-jupiter-engine-5.8.2.jar","/home/jbergqvist/.m2/repository/org/junit/platform/junit-platform-engine/1.8.2/junit-platform-engine-1.8.2.jar","/home/jbergqvist/.m2/repository/org/junit/vintage/junit-vintage-engine/5.8.2/junit-vintage-engine-5.8.2.jar","/home/jbergqvist/.m2/repository/junit/junit/4.13.2/junit-4.13.2.jar","/home/jbergqvist/.m2/repository/org/hamcrest/hamcrest-core/1.3/hamcrest-core-1.3.jar","/home/jbergqvist/.m2/repository/org/mockito/mockito-core/4.0.0/mockito-core-4.0.0.jar","/home/jbergqvist/.m2/repository/net/bytebuddy/byte-buddy/1.11.19/byte-buddy-1.11.19.jar","/home/jbergqvist/.m2/repository/net/bytebuddy/byte-buddy-agent/1.11.19/byte-buddy-agent-1.11.19.jar","/home/jbergqvist/.m2/repository/org/objenesis/objenesis/3.2/objenesis-3.2.jar","/home/jbergqvist/.m2/repository/org/openjdk/jmh/jmh-core/1.33/jmh-core-1.33.jar","/home/jbergqvist/.m2/repository/org/apache/commons/commons-math3/3.2/commons-math3-3.2.jar","/home/jbergqvist/.m2/repository/org/openjdk/jmh/jmh-generator-annprocess/1.33/jmh-generator-annprocess-1.33.jar","/home/jbergqvist/.m2/repository/org/xmlunit/xmlunit-core/2.8.3/xmlunit-core-2.8.3.jar","/home/jbergqvist/.m2/repository/jakarta/xml/bind/jakarta.xml.bind-api/2.3.3/jakarta.xml.bind-api-2.3.3.jar","/home/jbergqvist/.m2/repository/jakarta/activation/jakarta.activation-api/1.2.2/jakarta.activation-api-1.2.2.jar","/home/jbergqvist/.m2/repository/ch/qos/logback/logback-classic/1.2.9/logback-classic-1.2.9.jar","/home/jbergqvist/.m2/repository/ch/qos/logback/logback-core/1.2.9/logback-core-1.2.9.jar"],"complianceLevel":"1.8","productionSources":["/home/jbergqvist/diffblue/finos-messageml-utils/src/main/java"],"testSources":["/home/jbergqvist/diffblue/finos-messageml-utils/src/test/java"],"productionClasses":"/home/jbergqvist/diffblue/finos-messageml-utils/target/classes","testClasses":"/home/jbergqvist/diffblue/finos-messageml-utils/target/test-classes","sourceToBuildPathMap":null,"testSourceToBuildPathMap":null,"buildDirectory":"/home/jbergqvist/diffblue/finos-messageml-utils/target","plugins":[{"__type":"DefaultPlugin","groupId":"org.apache.maven.plugins","artefactId":"maven-surefire-plugin","version":"2.22.2","pluginClassName":null},{"__type":"DefaultPlugin","groupId":"org.apache.maven.plugins","artefactId":"maven-clean-plugin","version":"2.5","pluginClassName":null},{"__type":"DefaultPlugin","groupId":"org.apache.maven.plugins","artefactId":"maven-resources-plugin","version":"2.6","pluginClassName":null},{"__type":"DefaultPlugin","groupId":"org.apache.maven.plugins","artefactId":"maven-jar-plugin","version":"3.2.2","pluginClassName":null},{"__type":"DefaultPlugin","groupId":"org.apache.maven.plugins","artefactId":"maven-compiler-plugin","version":"3.1","pluginClassName":null},{"__type":"DefaultPlugin","groupId":"org.apache.maven.plugins","artefactId":"maven-install-plugin","version":"2.4","pluginClassName":null},{"__type":"DefaultPlugin","groupId":"org.apache.maven.plugins","artefactId":"maven-deploy-plugin","version":"3.0.0-M1","pluginClassName":null},{"__type":"DefaultPlugin","groupId":"org.apache.maven.plugins","artefactId":"maven-site-plugin","version":"3.3","pluginClassName":null}],"version":"3.8.4","encoding":"UTF-8","name":"maven","subModules":[],"simpleModuleName":null,"parentModuleName":null,"location":"/home/jbergqvist/diffblue/finos-messageml-utils","fullModuleName":"org.symphonyoss.symphony:messageml"}}
16:39:51.514 [INFO]   [Checking]    out: [INFO] ------------------------------------------------------------------------
16:39:51.514 [INFO]   [Checking]    out: [INFO] BUILD SUCCESS
16:39:51.514 [INFO]   [Checking]    out: [INFO] ------------------------------------------------------------------------
16:39:51.514 [INFO]   [Checking]    out: [INFO] Total time:  0.649 s
16:39:51.514 [INFO]   [Checking]    out: [INFO] Finished at: 2026-01-09T16:39:51Z
16:39:51.515 [INFO]   [Checking]    out: [INFO] ------------------------------------------------------------------------
16:39:51.515 [INFO]   [Checking]    deserializing line [DIFFBLUE]{"__type":"com.diffblue.cover.buildsystem.model.ProjectInfoMessage","projectName":"org.symphonyoss.symphony:messageml","productionSources":["/home/jbergqvist/diffblue/finos-messageml-utils/src/main/java"],"testSources":["/home/jbergqvist/diffblue/finos-messageml-utils/src/test/java"],"location":"/home/jbergqvist/diffblue/finos-messageml-utils"}
16:39:51.537 [INFO]   [Checking]    maven:err process not stopped, joining thread
16:39:51.537 [INFO]   [Checking]    maven:out process not stopped, joining thread
16:39:51.537 [INFO]   [Checking]    Deserializing project module message
16:39:51.538 [INFO]   [Checking]    deserializing line [DIFFBLUE]{"__type":"com.diffblue.cover.buildsystem.model.DefaultEventMessage","project":"org.symphonyoss.symphony:messageml","goal":"build-classpath","cause":null,"state":"STARTED"}
16:39:51.540 [INFO]   [Checking]    deserializing line [DIFFBLUE]{"__type":"com.diffblue.cover.buildsystem.model.DefaultEventMessage","project":"org.symphonyoss.symphony:messageml","goal":"build-classpath","cause":null,"state":"SUCCESS"}
16:39:51.542 [INFO]   [Checking]    deserializing line [DIFFBLUE]{"__type":"com.diffblue.cover.buildsystem.model.DefaultProjectModuleMessage","project":{"__type":"DefaultProjectModule","junitReport":["/home/jbergqvist/diffblue/finos-messageml-utils/target/surefire-reports"],"jacocoReport":["/home/jbergqvist/diffblue/finos-messageml-utils/target/site/jacoco/jacoco.xml"],"jacocoDestFile":["/home/jbergqvist/diffblue/finos-messageml-utils/target/jacoco.exec"],"jacocoFormats":["xml"],"jacocoSkipped":false,"classpath":["/home/jbergqvist/diffblue/finos-messageml-utils/target/classes","/home/jbergqvist/.m2/repository/org/projectlombok/lombok/1.18.42/lombok-1.18.42.jar","/home/jbergqvist/.m2/repository/com/github/java-json-tools/json-schema-validator/2.2.14/json-schema-validator-2.2.14.jar","/home/jbergqvist/.m2/repository/com/github/java-json-tools/jackson-coreutils-equivalence/1.0/jackson-coreutils-equivalence-1.0.jar","/home/jbergqvist/.m2/repository/com/github/java-json-tools/jackson-coreutils/2.0/jackson-coreutils-2.0.jar","/home/jbergqvist/.m2/repository/com/github/java-json-tools/msg-simple/1.2/msg-simple-1.2.jar","/home/jbergqvist/.m2/repository/com/github/java-json-tools/btf/1.3/btf-1.3.jar","/home/jbergqvist/.m2/repository/com/github/java-json-tools/json-schema-core/1.2.14/json-schema-core-1.2.14.jar","/home/jbergqvist/.m2/repository/com/github/java-json-tools/uri-template/0.10/uri-template-0.10.jar","/home/jbergqvist/.m2/repository/com/sun/mail/mailapi/1.6.2/mailapi-1.6.2.jar","/home/jbergqvist/.m2/repository/joda-time/joda-time/2.10.5/joda-time-2.10.5.jar","/home/jbergqvist/.m2/repository/com/googlecode/libphonenumber/libphonenumber/8.11.1/libphonenumber-8.11.1.jar","/home/jbergqvist/.m2/repository/com/google/code/findbugs/jsr305/3.0.2/jsr305-3.0.2.jar","/home/jbergqvist/.m2/repository/net/sf/jopt-simple/jopt-simple/5.0.4/jopt-simple-5.0.4.jar","/home/jbergqvist/.m2/repository/org/mozilla/rhino/1.7.13/rhino-1.7.13.jar","/home/jbergqvist/.m2/repository/com/google/guava/guava/32.1.2-jre/guava-32.1.2-jre.jar","/home/jbergqvist/.m2/repository/com/google/guava/failureaccess/1.0.1/failureaccess-1.0.1.jar","/home/jbergqvist/.m2/repository/com/google/guava/listenablefuture/9999.0-empty-to-avoid-conflict-with-guava/listenablefuture-9999.0-empty-to-avoid-conflict-with-guava.jar","/home/jbergqvist/.m2/repository/org/checkerframework/checker-qual/3.33.0/checker-qual-3.33.0.jar","/home/jbergqvist/.m2/repository/com/google/errorprone/error_prone_annotations/2.18.0/error_prone_annotations-2.18.0.jar","/home/jbergqvist/.m2/repository/com/google/j2objc/j2objc-annotations/2.8/j2objc-annotations-2.8.jar","/home/jbergqvist/.m2/repository/com/fasterxml/jackson/core/jackson-core/2.15.2/jackson-core-2.15.2.jar","/home/jbergqvist/.m2/repository/com/fasterxml/jackson/core/jackson-databind/2.15.2/jackson-databind-2.15.2.jar","/home/jbergqvist/.m2/repository/com/fasterxml/jackson/core/jackson-annotations/2.15.2/jackson-annotations-2.15.2.jar","/home/jbergqvist/.m2/repository/commons-io/commons-io/2.11.0/commons-io-2.11.0.jar","/home/jbergqvist/.m2/repository/org/apache/commons/commons-lang3/3.12.0/commons-lang3-3.12.0.jar","/home/jbergqvist/.m2/repository/org/freemarker/freemarker/2.3.31/freemarker-2.3.31.jar","/home/jbergqvist/.m2/repository/org/slf4j/slf4j-api/1.7.32/slf4j-api-1.7.32.jar","/home/jbergqvist/.m2/repository/com/diffblue/cover/cover-annotations/1.8.0/cover-annotations-1.8.0.jar","/home/jbergqvist/.m2/repository/com/atlassian/commonmark/commonmark/0.15.2/commonmark-0.15.2.jar","/home/jbergqvist/.m2/repository/org/junit/jupiter/junit-jupiter-api/5.8.2/junit-jupiter-api-5.8.2.jar","/home/jbergqvist/.m2/repository/org/opentest4j/opentest4j/1.2.0/opentest4j-1.2.0.jar","/home/jbergqvist/.m2/repository/org/junit/platform/junit-platform-commons/1.8.2/junit-platform-commons-1.8.2.jar","/home/jbergqvist/.m2/repository/org/apiguardian/apiguardian-api/1.1.2/apiguardian-api-1.1.2.jar","/home/jbergqvist/.m2/repository/org/junit/jupiter/junit-jupiter-params/5.8.2/junit-jupiter-params-5.8.2.jar","/home/jbergqvist/.m2/repository/org/junit/jupiter/junit-jupiter-engine/5.8.2/junit-jupiter-engine-5.8.2.jar","/home/jbergqvist/.m2/repository/org/junit/platform/junit-platform-engine/1.8.2/junit-platform-engine-1.8.2.jar","/home/jbergqvist/.m2/repository/org/junit/vintage/junit-vintage-engine/5.8.2/junit-vintage-engine-5.8.2.jar","/home/jbergqvist/.m2/repository/junit/junit/4.13.2/junit-4.13.2.jar","/home/jbergqvist/.m2/repository/org/hamcrest/hamcrest-core/1.3/hamcrest-core-1.3.jar","/home/jbergqvist/.m2/repository/org/mockito/mockito-core/4.0.0/mockito-core-4.0.0.jar","/home/jbergqvist/.m2/repository/net/bytebuddy/byte-buddy/1.11.19/byte-buddy-1.11.19.jar","/home/jbergqvist/.m2/repository/net/bytebuddy/byte-buddy-agent/1.11.19/byte-buddy-agent-1.11.19.jar","/home/jbergqvist/.m2/repository/org/objenesis/objenesis/3.2/objenesis-3.2.jar","/home/jbergqvist/.m2/repository/org/openjdk/jmh/jmh-core/1.33/jmh-core-1.33.jar","/home/jbergqvist/.m2/repository/org/apache/commons/commons-math3/3.2/commons-math3-3.2.jar","/home/jbergqvist/.m2/repository/org/openjdk/jmh/jmh-generator-annprocess/1.33/jmh-generator-annprocess-1.33.jar","/home/jbergqvist/.m2/repository/org/xmlunit/xmlunit-core/2.8.3/xmlunit-core-2.8.3.jar","/home/jbergqvist/.m2/repository/jakarta/xml/bind/jakarta.xml.bind-api/2.3.3/jakarta.xml.bind-api-2.3.3.jar","/home/jbergqvist/.m2/repository/jakarta/activation/jakarta.activation-api/1.2.2/jakarta.activation-api-1.2.2.jar","/home/jbergqvist/.m2/repository/ch/qos/logback/logback-classic/1.2.9/logback-classic-1.2.9.jar","/home/jbergqvist/.m2/repository/ch/qos/logback/logback-core/1.2.9/logback-core-1.2.9.jar"],"complianceLevel":"1.8","productionSources":["/home/jbergqvist/diffblue/finos-messageml-utils/src/main/java"],"testSources":["/home/jbergqvist/diffblue/finos-messageml-utils/src/test/java"],"productionClasses":"/home/jbergqvist/diffblue/finos-messageml-utils/target/classes","testClasses":"/home/jbergqvist/diffblue/finos-messageml-utils/target/test-classes","sourceToBuildPathMap":null,"testSourceToBuildPathMap":null,"buildDirectory":"/home/jbergqvist/diffblue/finos-messageml-utils/target","plugins":[{"__type":"DefaultPlugin","groupId":"org.apache.maven.plugins","artefactId":"maven-surefire-plugin","version":"2.22.2","pluginClassName":null},{"__type":"DefaultPlugin","groupId":"org.apache.maven.plugins","artefactId":"maven-clean-plugin","version":"2.5","pluginClassName":null},{"__type":"DefaultPlugin","groupId":"org.apache.maven.plugins","artefactId":"maven-resources-plugin","version":"2.6","pluginClassName":null},{"__type":"DefaultPlugin","groupId":"org.apache.maven.plugins","artefactId":"maven-jar-plugin","version":"3.2.2","pluginClassName":null},{"__type":"DefaultPlugin","groupId":"org.apache.maven.plugins","artefactId":"maven-compiler-plugin","version":"3.1","pluginClassName":null},{"__type":"DefaultPlugin","groupId":"org.apache.maven.plugins","artefactId":"maven-install-plugin","version":"2.4","pluginClassName":null},{"__type":"DefaultPlugin","groupId":"org.apache.maven.plugins","artefactId":"maven-deploy-plugin","version":"3.0.0-M1","pluginClassName":null},{"__type":"DefaultPlugin","groupId":"org.apache.maven.plugins","artefactId":"maven-site-plugin","version":"3.3","pluginClassName":null}],"version":"3.8.4","encoding":"UTF-8","name":"maven","subModules":[],"simpleModuleName":null,"parentModuleName":null,"location":"/home/jbergqvist/diffblue/finos-messageml-utils","fullModuleName":"org.symphonyoss.symphony:messageml"}}
16:39:51.549 [INFO]   [Checking]    deserializing line [DIFFBLUE]{"__type":"com.diffblue.cover.buildsystem.model.ProjectInfoMessage","projectName":"org.symphonyoss.symphony:messageml","productionSources":["/home/jbergqvist/diffblue/finos-messageml-utils/src/main/java"],"testSources":["/home/jbergqvist/diffblue/finos-messageml-utils/src/test/java"],"location":"/home/jbergqvist/diffblue/finos-messageml-utils"}
16:39:51.550 [INFO]   [Checking]    Found 1 ProjectModuleMessages (ignoring buildSrc projects)
16:39:51.551 [INFO]   [Checking]    Found module org.symphonyoss.symphony:messageml in the working directory /home/jbergqvist/diffblue/finos-messageml-utils
16:39:51.551 [INFO]   [Checking]    deserialized project module is present? true
16:39:51.565 [INFO]   [Checking]    Operating System: Linux amd64 6.8.0-90-generic
16:39:51.565 [INFO]   [Checking]    Default charset: UTF-8
16:39:51.565 [INFO]   [Checking]    Default locale: en_GB
16:39:51.568 [INFO]   [Checking]    Default time zone: Europe/London
16:39:51.575 [INFO]   [Checking]    Discovered modules:
16:39:51.575 [INFO]   [Checking]    - org.symphonyoss.symphony:messageml
16:39:51.575 [INFO]   [Checking]    
16:39:51.578 [INFO]   [Checking]    
16:39:51.578 [INFO]   [Checking]    [1/1] Refactoring module: org.symphonyoss.symphony:messageml
16:39:51.578 [INFO]   [Checking]    ============================================================
16:39:51.578 [INFO]   [Checking]    
16:39:51.590 [INFO]   [Checking]    Detected Java version 11.0.29
16:39:51.602 [INFO]   [Checking]    Maven Using ${maven.home} of: /home/jbergqvist/diffblue/finos-messageml-utils.
16:39:51.602 [INFO]   [Checking]    Maven Executing: /bin/sh -c cd /home/jbergqvist/diffblue/finos-messageml-utils && /home/jbergqvist/diffblue/finos-messageml-utils/mvnw -B -version
16:39:51.759 [INFO]   [Checking]    Standard output of build tool (Maven)
16:39:51.759 [INFO]   [Checking]    > Apache Maven 3.8.4 (9b656c72d54e5bacbed989b64718c159fe39b537)
16:39:51.759 [INFO]   [Checking]    > Maven home: /home/jbergqvist/.m2/wrapper/dists/apache-maven-3.8.4-bin/52ccbt68d252mdldqsfsn03jlf/apache-maven-3.8.4
16:39:51.759 [INFO]   [Checking]    > Java version: 11.0.29, vendor: Amazon.com Inc., runtime: /home/jbergqvist/.sdkman/candidates/java/11.0.29-amzn
16:39:51.759 [INFO]   [Checking]    > Default locale: en_GB, platform encoding: UTF-8
16:39:51.759 [INFO]   [Checking]    > OS name: "linux", version: "6.8.0-90-generic", arch: "amd64", family: "unix"
16:39:51.760 [INFO]   [Checking]    Detected build system: Maven 3.8.4
16:39:51.765 [INFO]   [Checking]    Operating System: Linux amd64 6.8.0-90-generic
16:39:51.765 [INFO]   [Checking]    Default charset: UTF-8
16:39:51.765 [INFO]   [Checking]    Default locale: en_GB
16:39:51.765 [INFO]   [Checking]    Default time zone: Europe/London
16:39:51.766 [INFO]   [Checking]    Selected build system: Maven
16:39:51.783 [INFO]   [Checking]    Selected classpath from build system maven
16:39:51.785 [INFO]   [Checking]    Expanded classpath: 
/home/jbergqvist/diffblue/finos-messageml-utils/target/test-classes (test build path)
/home/jbergqvist/diffblue/finos-messageml-utils/target/classes (code under test)
/home/jbergqvist/.m2/repository/org/projectlombok/lombok/1.18.42/lombok-1.18.42.jar
/home/jbergqvist/.m2/repository/com/github/java-json-tools/json-schema-validator/2.2.14/json-schema-validator-2.2.14.jar
/home/jbergqvist/.m2/repository/com/github/java-json-tools/jackson-coreutils-equivalence/1.0/jackson-coreutils-equivalence-1.0.jar
/home/jbergqvist/.m2/repository/com/github/java-json-tools/jackson-coreutils/2.0/jackson-coreutils-2.0.jar
/home/jbergqvist/.m2/repository/com/github/java-json-tools/msg-simple/1.2/msg-simple-1.2.jar
/home/jbergqvist/.m2/repository/com/github/java-json-tools/btf/1.3/btf-1.3.jar
/home/jbergqvist/.m2/repository/com/github/java-json-tools/json-schema-core/1.2.14/json-schema-core-1.2.14.jar
/home/jbergqvist/.m2/repository/com/github/java-json-tools/uri-template/0.10/uri-template-0.10.jar
/home/jbergqvist/.m2/repository/com/sun/mail/mailapi/1.6.2/mailapi-1.6.2.jar
/home/jbergqvist/.m2/repository/joda-time/joda-time/2.10.5/joda-time-2.10.5.jar
/home/jbergqvist/.m2/repository/com/googlecode/libphonenumber/libphonenumber/8.11.1/libphonenumber-8.11.1.jar
/home/jbergqvist/.m2/repository/com/google/code/findbugs/jsr305/3.0.2/jsr305-3.0.2.jar
/home/jbergqvist/.m2/repository/net/sf/jopt-simple/jopt-simple/5.0.4/jopt-simple-5.0.4.jar
/home/jbergqvist/.m2/repository/org/mozilla/rhino/1.7.13/rhino-1.7.13.jar
/home/jbergqvist/.m2/repository/com/google/guava/guava/32.1.2-jre/guava-32.1.2-jre.jar
/home/jbergqvist/.m2/repository/com/google/guava/failureaccess/1.0.1/failureaccess-1.0.1.jar
/home/jbergqvist/.m2/repository/com/google/guava/listenablefuture/9999.0-empty-to-avoid-conflict-with-guava/listenablefuture-9999.0-empty-to-avoid-conflict-with-guava.jar
/home/jbergqvist/.m2/repository/org/checkerframework/checker-qual/3.33.0/checker-qual-3.33.0.jar
/home/jbergqvist/.m2/repository/com/google/errorprone/error_prone_annotations/2.18.0/error_prone_annotations-2.18.0.jar
/home/jbergqvist/.m2/repository/com/google/j2objc/j2objc-annotations/2.8/j2objc-annotations-2.8.jar
/home/jbergqvist/.m2/repository/com/fasterxml/jackson/core/jackson-core/2.15.2/jackson-core-2.15.2.jar
/home/jbergqvist/.m2/repository/com/fasterxml/jackson/core/jackson-databind/2.15.2/jackson-databind-2.15.2.jar
/home/jbergqvist/.m2/repository/com/fasterxml/jackson/core/jackson-annotations/2.15.2/jackson-annotations-2.15.2.jar
/home/jbergqvist/.m2/repository/commons-io/commons-io/2.11.0/commons-io-2.11.0.jar
/home/jbergqvist/.m2/repository/org/apache/commons/commons-lang3/3.12.0/commons-lang3-3.12.0.jar
/home/jbergqvist/.m2/repository/org/freemarker/freemarker/2.3.31/freemarker-2.3.31.jar
/home/jbergqvist/.m2/repository/org/slf4j/slf4j-api/1.7.32/slf4j-api-1.7.32.jar
/home/jbergqvist/.m2/repository/com/diffblue/cover/cover-annotations/1.8.0/cover-annotations-1.8.0.jar
/home/jbergqvist/.m2/repository/com/atlassian/commonmark/commonmark/0.15.2/commonmark-0.15.2.jar
/home/jbergqvist/.m2/repository/org/junit/jupiter/junit-jupiter-api/5.8.2/junit-jupiter-api-5.8.2.jar
/home/jbergqvist/.m2/repository/org/opentest4j/opentest4j/1.2.0/opentest4j-1.2.0.jar
/home/jbergqvist/.m2/repository/org/junit/platform/junit-platform-commons/1.8.2/junit-platform-commons-1.8.2.jar
/home/jbergqvist/.m2/repository/org/apiguardian/apiguardian-api/1.1.2/apiguardian-api-1.1.2.jar
/home/jbergqvist/.m2/repository/org/junit/jupiter/junit-jupiter-params/5.8.2/junit-jupiter-params-5.8.2.jar
/home/jbergqvist/.m2/repository/org/junit/jupiter/junit-jupiter-engine/5.8.2/junit-jupiter-engine-5.8.2.jar
/home/jbergqvist/.m2/repository/org/junit/platform/junit-platform-engine/1.8.2/junit-platform-engine-1.8.2.jar
/home/jbergqvist/.m2/repository/org/junit/vintage/junit-vintage-engine/5.8.2/junit-vintage-engine-5.8.2.jar
/home/jbergqvist/.m2/repository/junit/junit/4.13.2/junit-4.13.2.jar
/home/jbergqvist/.m2/repository/org/hamcrest/hamcrest-core/1.3/hamcrest-core-1.3.jar
/home/jbergqvist/.m2/repository/org/mockito/mockito-core/4.0.0/mockito-core-4.0.0.jar
/home/jbergqvist/.m2/repository/net/bytebuddy/byte-buddy/1.11.19/byte-buddy-1.11.19.jar
/home/jbergqvist/.m2/repository/net/bytebuddy/byte-buddy-agent/1.11.19/byte-buddy-agent-1.11.19.jar
/home/jbergqvist/.m2/repository/org/objenesis/objenesis/3.2/objenesis-3.2.jar
/home/jbergqvist/.m2/repository/org/openjdk/jmh/jmh-core/1.33/jmh-core-1.33.jar
/home/jbergqvist/.m2/repository/org/apache/commons/commons-math3/3.2/commons-math3-3.2.jar
/home/jbergqvist/.m2/repository/org/openjdk/jmh/jmh-generator-annprocess/1.33/jmh-generator-annprocess-1.33.jar
/home/jbergqvist/.m2/repository/org/xmlunit/xmlunit-core/2.8.3/xmlunit-core-2.8.3.jar
/home/jbergqvist/.m2/repository/jakarta/xml/bind/jakarta.xml.bind-api/2.3.3/jakarta.xml.bind-api-2.3.3.jar
/home/jbergqvist/.m2/repository/jakarta/activation/jakarta.activation-api/1.2.2/jakarta.activation-api-1.2.2.jar
/home/jbergqvist/.m2/repository/ch/qos/logback/logback-classic/1.2.9/logback-classic-1.2.9.jar
/home/jbergqvist/.m2/repository/ch/qos/logback/logback-core/1.2.9/logback-core-1.2.9.jar
16:39:51.798 [INFO]   [Checking]    Detected JVM architecture: 64-Bit
16:39:51.800 [INFO]   [Checking]    Selected Java language compliance level: 1.8
16:39:51.806 [INFO]   [Checking]    
16:39:51.806 [INFO]   [Checking]    Environment summary for module: org.symphonyoss.symphony:messageml
16:39:51.806 [INFO]   [Checking]    ------------------------------------------------------------------
16:39:51.806 [INFO]   [Checking]    Java version                   11.0.29                       SUCCESS        
16:39:51.806 [INFO]   [Checking]    Build system                   Maven                         SUCCESS        
16:39:51.806 [INFO]   [Checking]    
16:39:51.807 [INFO]   [Checking]    Environment check status: SUCCESS
16:39:51.808 [INFO]   [Refactoring] Applying refactorings from configuration file /home/jbergqvist/diffblue/finos-messageml-utils/.diffblue/refactorings.yml
16:39:51.828 [INFO]   [Refactoring] Using default build rules as no custom rules found in any of [/home/jbergqvist/diffblue/finos-messageml-utils]
16:39:51.829 [INFO]   [Refactoring] Attempting to invoke /home/jbergqvist/diffblue/finos-messageml-utils/mvnw in working directory: /home/jbergqvist/diffblue/finos-messageml-utils
16:39:51.829 [INFO]   [Refactoring] Started "/home/jbergqvist/diffblue/finos-messageml-utils/mvnw -Dmaven.ext.class.path=/opt/cover/cover-buildsystem-maven-spy-jar-with-dependencies.jar -Dcom.diffblue.cover.skipTests=true -DskipTestOptimizer --batch-mode --projects=org.symphonyoss.symphony:messageml --global-settings=/home/jbergqvist/.sdkman/candidates/maven/current/conf/settings.xml install:install-file -Dfile=/tmp/cover-refactoring-recipes-1000.0.0.jar -DgroupId=com.diffblue.cover -DartifactId=cover-refactoring-recipes -Dversion=1000.0.0 -Dpackaging=jar"
16:39:52.435 [INFO]   [Refactoring] out: [INFO] Scanning for projects...
16:39:52.541 [INFO]   [Refactoring] out: [INFO] 
16:39:52.542 [INFO]   [Refactoring] out: [INFO] -----------------< org.symphonyoss.symphony:messageml >-----------------
16:39:52.542 [INFO]   [Refactoring] out: [INFO] Building MessageML Utils 0.13.0
16:39:52.542 [INFO]   [Refactoring] out: [INFO] --------------------------------[ jar ]---------------------------------
16:39:52.643 [INFO]   [Refactoring] deserializing line [DIFFBLUE]{"__type":"com.diffblue.cover.buildsystem.model.DefaultEventMessage","project":"org.symphonyoss.symphony:messageml","goal":"install-file","cause":null,"state":"STARTED"}
16:39:52.645 [INFO]   [Refactoring] out: [INFO] 
16:39:52.645 [INFO]   [Refactoring] out: [INFO] --- maven-install-plugin:2.4:install-file (default-cli) @ messageml ---
16:39:52.713 [INFO]   [Refactoring] out: [INFO] Installing /tmp/cover-refactoring-recipes-1000.0.0.jar to /home/jbergqvist/.m2/repository/com/diffblue/cover/cover-refactoring-recipes/1000.0.0/cover-refactoring-recipes-1000.0.0.jar
16:39:52.725 [INFO]   [Refactoring] deserializing line [DIFFBLUE]{"__type":"com.diffblue.cover.buildsystem.model.DefaultEventMessage","project":"org.symphonyoss.symphony:messageml","goal":"install-file","cause":null,"state":"SUCCESS"}
16:39:52.753 [INFO]   [Refactoring] deserializing line [DIFFBLUE]{"__type":"com.diffblue.cover.buildsystem.model.DefaultProjectModuleMessage","project":{"__type":"DefaultProjectModule","junitReport":["/home/jbergqvist/diffblue/finos-messageml-utils/target/surefire-reports"],"jacocoReport":["/home/jbergqvist/diffblue/finos-messageml-utils/target/site/jacoco/jacoco.xml"],"jacocoDestFile":["/home/jbergqvist/diffblue/finos-messageml-utils/target/jacoco.exec"],"jacocoFormats":["xml"],"jacocoSkipped":false,"classpath":["/home/jbergqvist/diffblue/finos-messageml-utils/target/classes"],"complianceLevel":"1.8","productionSources":["/home/jbergqvist/diffblue/finos-messageml-utils/src/main/java"],"testSources":["/home/jbergqvist/diffblue/finos-messageml-utils/src/test/java"],"productionClasses":"/home/jbergqvist/diffblue/finos-messageml-utils/target/classes","testClasses":"/home/jbergqvist/diffblue/finos-messageml-utils/target/test-classes","sourceToBuildPathMap":null,"testSourceToBuildPathMap":null,"buildDirectory":"/home/jbergqvist/diffblue/finos-messageml-utils/target","plugins":[{"__type":"DefaultPlugin","groupId":"org.apache.maven.plugins","artefactId":"maven-surefire-plugin","version":"2.22.2","pluginClassName":null},{"__type":"DefaultPlugin","groupId":"org.apache.maven.plugins","artefactId":"maven-clean-plugin","version":"2.5","pluginClassName":null},{"__type":"DefaultPlugin","groupId":"org.apache.maven.plugins","artefactId":"maven-resources-plugin","version":"2.6","pluginClassName":null},{"__type":"DefaultPlugin","groupId":"org.apache.maven.plugins","artefactId":"maven-jar-plugin","version":"3.2.2","pluginClassName":null},{"__type":"DefaultPlugin","groupId":"org.apache.maven.plugins","artefactId":"maven-compiler-plugin","version":"3.1","pluginClassName":null},{"__type":"DefaultPlugin","groupId":"org.apache.maven.plugins","artefactId":"maven-install-plugin","version":"2.4","pluginClassName":null},{"__type":"DefaultPlugin","groupId":"org.apache.maven.plugins","artefactId":"maven-deploy-plugin","version":"3.0.0-M1","pluginClassName":null},{"__type":"DefaultPlugin","groupId":"org.apache.maven.plugins","artefactId":"maven-site-plugin","version":"3.3","pluginClassName":null}],"version":"3.8.4","encoding":"UTF-8","name":"maven","subModules":[],"simpleModuleName":null,"parentModuleName":null,"location":"/home/jbergqvist/diffblue/finos-messageml-utils","fullModuleName":"org.symphonyoss.symphony:messageml"}}
16:39:52.759 [INFO]   [Refactoring] out: [INFO] ------------------------------------------------------------------------
16:39:52.759 [INFO]   [Refactoring] out: [INFO] BUILD SUCCESS
16:39:52.759 [INFO]   [Refactoring] out: [INFO] ------------------------------------------------------------------------
16:39:52.759 [INFO]   [Refactoring] out: [INFO] Total time:  0.330 s
16:39:52.759 [INFO]   [Refactoring] out: [INFO] Finished at: 2026-01-09T16:39:52Z
16:39:52.759 [INFO]   [Refactoring] out: [INFO] ------------------------------------------------------------------------
16:39:52.759 [INFO]   [Refactoring] deserializing line [DIFFBLUE]{"__type":"com.diffblue.cover.buildsystem.model.ProjectInfoMessage","projectName":"org.symphonyoss.symphony:messageml","productionSources":["/home/jbergqvist/diffblue/finos-messageml-utils/src/main/java"],"testSources":["/home/jbergqvist/diffblue/finos-messageml-utils/src/test/java"],"location":"/home/jbergqvist/diffblue/finos-messageml-utils"}
16:39:52.768 [INFO]   [Refactoring] maven:err process not stopped, joining thread
16:39:52.768 [INFO]   [Refactoring] maven:out process not stopped, joining thread
16:39:52.768 [INFO]   [Refactoring] Attempting to invoke /home/jbergqvist/diffblue/finos-messageml-utils/mvnw in working directory: /home/jbergqvist/diffblue/finos-messageml-utils
16:39:52.768 [INFO]   [Refactoring] Started "/home/jbergqvist/diffblue/finos-messageml-utils/mvnw -Dmaven.ext.class.path=/opt/cover/cover-buildsystem-maven-spy-jar-with-dependencies.jar -Dcom.diffblue.cover.skipTests=true -DskipTestOptimizer --batch-mode --projects=org.symphonyoss.symphony:messageml --global-settings=/home/jbergqvist/.sdkman/candidates/maven/current/conf/settings.xml install:install-file -Dfile=/tmp/rewrite-maven-plugin-6.15.0.jar -DgroupId=org.openrewrite.maven -DartifactId=rewrite-maven-plugin -Dversion=6.15.0 -Dpackaging=jar"
16:39:53.370 [INFO]   [Refactoring] out: [INFO] Scanning for projects...
16:39:53.474 [INFO]   [Refactoring] out: [INFO] 
16:39:53.475 [INFO]   [Refactoring] out: [INFO] -----------------< org.symphonyoss.symphony:messageml >-----------------
16:39:53.475 [INFO]   [Refactoring] out: [INFO] Building MessageML Utils 0.13.0
16:39:53.475 [INFO]   [Refactoring] out: [INFO] --------------------------------[ jar ]---------------------------------
16:39:53.575 [INFO]   [Refactoring] deserializing line [DIFFBLUE]{"__type":"com.diffblue.cover.buildsystem.model.DefaultEventMessage","project":"org.symphonyoss.symphony:messageml","goal":"install-file","cause":null,"state":"STARTED"}
16:39:53.577 [INFO]   [Refactoring] out: [INFO] 
16:39:53.577 [INFO]   [Refactoring] out: [INFO] --- maven-install-plugin:2.4:install-file (default-cli) @ messageml ---
16:39:53.638 [INFO]   [Refactoring] out: [INFO] Installing /tmp/rewrite-maven-plugin-6.15.0.jar to /home/jbergqvist/.m2/repository/org/openrewrite/maven/rewrite-maven-plugin/6.15.0/rewrite-maven-plugin-6.15.0.jar
16:39:53.651 [INFO]   [Refactoring] deserializing line [DIFFBLUE]{"__type":"com.diffblue.cover.buildsystem.model.DefaultEventMessage","project":"org.symphonyoss.symphony:messageml","goal":"install-file","cause":null,"state":"SUCCESS"}
16:39:53.679 [INFO]   [Refactoring] deserializing line [DIFFBLUE]{"__type":"com.diffblue.cover.buildsystem.model.DefaultProjectModuleMessage","project":{"__type":"DefaultProjectModule","junitReport":["/home/jbergqvist/diffblue/finos-messageml-utils/target/surefire-reports"],"jacocoReport":["/home/jbergqvist/diffblue/finos-messageml-utils/target/site/jacoco/jacoco.xml"],"jacocoDestFile":["/home/jbergqvist/diffblue/finos-messageml-utils/target/jacoco.exec"],"jacocoFormats":["xml"],"jacocoSkipped":false,"classpath":["/home/jbergqvist/diffblue/finos-messageml-utils/target/classes"],"complianceLevel":"1.8","productionSources":["/home/jbergqvist/diffblue/finos-messageml-utils/src/main/java"],"testSources":["/home/jbergqvist/diffblue/finos-messageml-utils/src/test/java"],"productionClasses":"/home/jbergqvist/diffblue/finos-messageml-utils/target/classes","testClasses":"/home/jbergqvist/diffblue/finos-messageml-utils/target/test-classes","sourceToBuildPathMap":null,"testSourceToBuildPathMap":null,"buildDirectory":"/home/jbergqvist/diffblue/finos-messageml-utils/target","plugins":[{"__type":"DefaultPlugin","groupId":"org.apache.maven.plugins","artefactId":"maven-surefire-plugin","version":"2.22.2","pluginClassName":null},{"__type":"DefaultPlugin","groupId":"org.apache.maven.plugins","artefactId":"maven-clean-plugin","version":"2.5","pluginClassName":null},{"__type":"DefaultPlugin","groupId":"org.apache.maven.plugins","artefactId":"maven-resources-plugin","version":"2.6","pluginClassName":null},{"__type":"DefaultPlugin","groupId":"org.apache.maven.plugins","artefactId":"maven-jar-plugin","version":"3.2.2","pluginClassName":null},{"__type":"DefaultPlugin","groupId":"org.apache.maven.plugins","artefactId":"maven-compiler-plugin","version":"3.1","pluginClassName":null},{"__type":"DefaultPlugin","groupId":"org.apache.maven.plugins","artefactId":"maven-install-plugin","version":"2.4","pluginClassName":null},{"__type":"DefaultPlugin","groupId":"org.apache.maven.plugins","artefactId":"maven-deploy-plugin","version":"3.0.0-M1","pluginClassName":null},{"__type":"DefaultPlugin","groupId":"org.apache.maven.plugins","artefactId":"maven-site-plugin","version":"3.3","pluginClassName":null}],"version":"3.8.4","encoding":"UTF-8","name":"maven","subModules":[],"simpleModuleName":null,"parentModuleName":null,"location":"/home/jbergqvist/diffblue/finos-messageml-utils","fullModuleName":"org.symphonyoss.symphony:messageml"}}
16:39:53.684 [INFO]   [Refactoring] out: [INFO] ------------------------------------------------------------------------
16:39:53.684 [INFO]   [Refactoring] out: [INFO] BUILD SUCCESS
16:39:53.684 [INFO]   [Refactoring] out: [INFO] ------------------------------------------------------------------------
16:39:53.684 [INFO]   [Refactoring] out: [INFO] Total time:  0.321 s
16:39:53.684 [INFO]   [Refactoring] out: [INFO] Finished at: 2026-01-09T16:39:53Z
16:39:53.684 [INFO]   [Refactoring] out: [INFO] ------------------------------------------------------------------------
16:39:53.684 [INFO]   [Refactoring] deserializing line [DIFFBLUE]{"__type":"com.diffblue.cover.buildsystem.model.ProjectInfoMessage","projectName":"org.symphonyoss.symphony:messageml","productionSources":["/home/jbergqvist/diffblue/finos-messageml-utils/src/main/java"],"testSources":["/home/jbergqvist/diffblue/finos-messageml-utils/src/test/java"],"location":"/home/jbergqvist/diffblue/finos-messageml-utils"}
16:39:53.695 [INFO]   [Refactoring] maven:err process not stopped, joining thread
16:39:53.695 [INFO]   [Refactoring] maven:out process not stopped, joining thread
16:39:53.695 [INFO]   [Refactoring] Attempting to invoke /home/jbergqvist/diffblue/finos-messageml-utils/mvnw in working directory: /home/jbergqvist/diffblue/finos-messageml-utils
16:39:53.696 [INFO]   [Refactoring] Started "/home/jbergqvist/diffblue/finos-messageml-utils/mvnw -Dmaven.ext.class.path=/opt/cover/cover-buildsystem-maven-spy-jar-with-dependencies.jar -Dcom.diffblue.cover.skipTests=true -DskipTestOptimizer --batch-mode --projects=org.symphonyoss.symphony:messageml --global-settings=/home/jbergqvist/.sdkman/candidates/maven/current/conf/settings.xml install:install-file -Dfile=/tmp/rewrite-maven-plugin-6.15.0.pom -DgroupId=org.openrewrite.maven -DartifactId=rewrite-maven-plugin -Dversion=6.15.0 -Dpackaging=pom"
16:39:54.312 [INFO]   [Refactoring] out: [INFO] Scanning for projects...
16:39:54.418 [INFO]   [Refactoring] out: [INFO] 
16:39:54.418 [INFO]   [Refactoring] out: [INFO] -----------------< org.symphonyoss.symphony:messageml >-----------------
16:39:54.419 [INFO]   [Refactoring] out: [INFO] Building MessageML Utils 0.13.0
16:39:54.419 [INFO]   [Refactoring] out: [INFO] --------------------------------[ jar ]---------------------------------
16:39:54.520 [INFO]   [Refactoring] deserializing line [DIFFBLUE]{"__type":"com.diffblue.cover.buildsystem.model.DefaultEventMessage","project":"org.symphonyoss.symphony:messageml","goal":"install-file","cause":null,"state":"STARTED"}
16:39:54.521 [INFO]   [Refactoring] out: [INFO] 
16:39:54.522 [INFO]   [Refactoring] out: [INFO] --- maven-install-plugin:2.4:install-file (default-cli) @ messageml ---
16:39:54.582 [INFO]   [Refactoring] out: [INFO] Installing /tmp/rewrite-maven-plugin-6.15.0.pom to /home/jbergqvist/.m2/repository/org/openrewrite/maven/rewrite-maven-plugin/6.15.0/rewrite-maven-plugin-6.15.0.pom
16:39:54.596 [INFO]   [Refactoring] deserializing line [DIFFBLUE]{"__type":"com.diffblue.cover.buildsystem.model.DefaultEventMessage","project":"org.symphonyoss.symphony:messageml","goal":"install-file","cause":null,"state":"SUCCESS"}
16:39:54.624 [INFO]   [Refactoring] deserializing line [DIFFBLUE]{"__type":"com.diffblue.cover.buildsystem.model.DefaultProjectModuleMessage","project":{"__type":"DefaultProjectModule","junitReport":["/home/jbergqvist/diffblue/finos-messageml-utils/target/surefire-reports"],"jacocoReport":["/home/jbergqvist/diffblue/finos-messageml-utils/target/site/jacoco/jacoco.xml"],"jacocoDestFile":["/home/jbergqvist/diffblue/finos-messageml-utils/target/jacoco.exec"],"jacocoFormats":["xml"],"jacocoSkipped":false,"classpath":["/home/jbergqvist/diffblue/finos-messageml-utils/target/classes"],"complianceLevel":"1.8","productionSources":["/home/jbergqvist/diffblue/finos-messageml-utils/src/main/java"],"testSources":["/home/jbergqvist/diffblue/finos-messageml-utils/src/test/java"],"productionClasses":"/home/jbergqvist/diffblue/finos-messageml-utils/target/classes","testClasses":"/home/jbergqvist/diffblue/finos-messageml-utils/target/test-classes","sourceToBuildPathMap":null,"testSourceToBuildPathMap":null,"buildDirectory":"/home/jbergqvist/diffblue/finos-messageml-utils/target","plugins":[{"__type":"DefaultPlugin","groupId":"org.apache.maven.plugins","artefactId":"maven-surefire-plugin","version":"2.22.2","pluginClassName":null},{"__type":"DefaultPlugin","groupId":"org.apache.maven.plugins","artefactId":"maven-clean-plugin","version":"2.5","pluginClassName":null},{"__type":"DefaultPlugin","groupId":"org.apache.maven.plugins","artefactId":"maven-resources-plugin","version":"2.6","pluginClassName":null},{"__type":"DefaultPlugin","groupId":"org.apache.maven.plugins","artefactId":"maven-jar-plugin","version":"3.2.2","pluginClassName":null},{"__type":"DefaultPlugin","groupId":"org.apache.maven.plugins","artefactId":"maven-compiler-plugin","version":"3.1","pluginClassName":null},{"__type":"DefaultPlugin","groupId":"org.apache.maven.plugins","artefactId":"maven-install-plugin","version":"2.4","pluginClassName":null},{"__type":"DefaultPlugin","groupId":"org.apache.maven.plugins","artefactId":"maven-deploy-plugin","version":"3.0.0-M1","pluginClassName":null},{"__type":"DefaultPlugin","groupId":"org.apache.maven.plugins","artefactId":"maven-site-plugin","version":"3.3","pluginClassName":null}],"version":"3.8.4","encoding":"UTF-8","name":"maven","subModules":[],"simpleModuleName":null,"parentModuleName":null,"location":"/home/jbergqvist/diffblue/finos-messageml-utils","fullModuleName":"org.symphonyoss.symphony:messageml"}}
16:39:54.629 [INFO]   [Refactoring] out: [INFO] ------------------------------------------------------------------------
16:39:54.629 [INFO]   [Refactoring] out: [INFO] BUILD SUCCESS
16:39:54.629 [INFO]   [Refactoring] out: [INFO] ------------------------------------------------------------------------
16:39:54.629 [INFO]   [Refactoring] out: [INFO] Total time:  0.324 s
16:39:54.629 [INFO]   [Refactoring] out: [INFO] Finished at: 2026-01-09T16:39:54Z
16:39:54.629 [INFO]   [Refactoring] out: [INFO] ------------------------------------------------------------------------
16:39:54.629 [INFO]   [Refactoring] deserializing line [DIFFBLUE]{"__type":"com.diffblue.cover.buildsystem.model.ProjectInfoMessage","projectName":"org.symphonyoss.symphony:messageml","productionSources":["/home/jbergqvist/diffblue/finos-messageml-utils/src/main/java"],"testSources":["/home/jbergqvist/diffblue/finos-messageml-utils/src/test/java"],"location":"/home/jbergqvist/diffblue/finos-messageml-utils"}
16:39:54.650 [INFO]   [Refactoring] maven:err process not stopped, joining thread
16:39:54.650 [INFO]   [Refactoring] maven:out process not stopped, joining thread
16:39:54.650 [INFO]   [Refactoring] Attempting to invoke /home/jbergqvist/diffblue/finos-messageml-utils/mvnw in working directory: /home/jbergqvist/diffblue/finos-messageml-utils
16:39:54.650 [INFO]   [Refactoring] Started "/home/jbergqvist/diffblue/finos-messageml-utils/mvnw -Dmaven.ext.class.path=/opt/cover/cover-buildsystem-maven-spy-jar-with-dependencies.jar -Dcom.diffblue.cover.skipTests=true -DskipTestOptimizer --batch-mode --projects=org.symphonyoss.symphony:messageml --global-settings=/home/jbergqvist/.sdkman/candidates/maven/current/conf/settings.xml org.openrewrite.maven:rewrite-maven-plugin:run -Drewrite.activeRecipes=com.diffblue.cover.refactoring.Recipe -Drewrite.activeStyles=org.openrewrite.java.Autodetect -Drewrite.configLocation=/home/jbergqvist/diffblue/finos-messageml-utils/.diffblue/refactorings.yml"
16:39:55.244 [INFO]   [Refactoring] out: [INFO] Scanning for projects...
16:39:55.312 [INFO]   [Refactoring] out: [INFO] 
16:39:55.312 [INFO]   [Refactoring] out: [INFO] -----------------< org.symphonyoss.symphony:messageml >-----------------
16:39:55.312 [INFO]   [Refactoring] out: [INFO] Building MessageML Utils 0.13.0
16:39:55.312 [INFO]   [Refactoring] out: [INFO] --------------------------------[ jar ]---------------------------------
16:39:55.437 [INFO]   [Refactoring] deserializing line [DIFFBLUE]{"__type":"com.diffblue.cover.buildsystem.model.DefaultEventMessage","project":"org.symphonyoss.symphony:messageml","goal":"run","cause":null,"state":"STARTED"}
16:39:55.439 [INFO]   [Refactoring] out: [INFO] 
16:39:55.439 [INFO]   [Refactoring] out: [INFO] >>> rewrite-maven-plugin:6.15.0:run (default-cli) > process-test-classes @ messageml >>>
16:39:55.439 [INFO]   [Refactoring] deserializing line [DIFFBLUE]{"__type":"com.diffblue.cover.buildsystem.model.DefaultEventMessage","project":"org.symphonyoss.symphony:messageml","goal":"run","cause":null,"state":"STARTED"}
16:39:55.531 [INFO]   [Refactoring] deserializing line [DIFFBLUE]{"__type":"com.diffblue.cover.buildsystem.model.DefaultEventMessage","project":"org.symphonyoss.symphony:messageml","goal":"resources","cause":null,"state":"STARTED"}
16:39:55.533 [INFO]   [Refactoring] out: [INFO] 
16:39:55.533 [INFO]   [Refactoring] out: [INFO] --- maven-resources-plugin:2.6:resources (default-resources) @ messageml ---
16:39:55.607 [INFO]   [Refactoring] out: [INFO] Using 'UTF-8' encoding to copy filtered resources.
16:39:55.608 [INFO]   [Refactoring] out: [INFO] Copying 1 resource
16:39:55.611 [INFO]   [Refactoring] deserializing line [DIFFBLUE]{"__type":"com.diffblue.cover.buildsystem.model.DefaultEventMessage","project":"org.symphonyoss.symphony:messageml","goal":"resources","cause":null,"state":"SUCCESS"}
16:39:55.614 [INFO]   [Refactoring] deserializing line [DIFFBLUE]{"__type":"com.diffblue.cover.buildsystem.model.DefaultEventMessage","project":"org.symphonyoss.symphony:messageml","goal":"compile","cause":null,"state":"STARTED"}
16:39:55.615 [INFO]   [Refactoring] out: [INFO] 
16:39:55.615 [INFO]   [Refactoring] out: [INFO] --- maven-compiler-plugin:3.1:compile (default-compile) @ messageml ---
16:39:55.718 [INFO]   [Refactoring] out: [INFO] Nothing to compile - all classes are up to date
16:39:55.720 [INFO]   [Refactoring] deserializing line [DIFFBLUE]{"__type":"com.diffblue.cover.buildsystem.model.DefaultEventMessage","project":"org.symphonyoss.symphony:messageml","goal":"compile","cause":null,"state":"SUCCESS"}
16:39:55.722 [INFO]   [Refactoring] deserializing line [DIFFBLUE]{"__type":"com.diffblue.cover.buildsystem.model.DefaultEventMessage","project":"org.symphonyoss.symphony:messageml","goal":"testResources","cause":null,"state":"STARTED"}
16:39:55.723 [INFO]   [Refactoring] out: [INFO] 
16:39:55.723 [INFO]   [Refactoring] out: [INFO] --- maven-resources-plugin:2.6:testResources (default-testResources) @ messageml ---
16:39:55.724 [INFO]   [Refactoring] out: [INFO] Using 'UTF-8' encoding to copy filtered resources.
16:39:55.726 [INFO]   [Refactoring] out: [INFO] Copying 36 resources
16:39:55.728 [INFO]   [Refactoring] deserializing line [DIFFBLUE]{"__type":"com.diffblue.cover.buildsystem.model.DefaultEventMessage","project":"org.symphonyoss.symphony:messageml","goal":"testResources","cause":null,"state":"SUCCESS"}
16:39:55.730 [INFO]   [Refactoring] deserializing line [DIFFBLUE]{"__type":"com.diffblue.cover.buildsystem.model.DefaultEventMessage","project":"org.symphonyoss.symphony:messageml","goal":"testCompile","cause":null,"state":"STARTED"}
16:39:55.731 [INFO]   [Refactoring] out: [INFO] 
16:39:55.731 [INFO]   [Refactoring] out: [INFO] --- maven-compiler-plugin:3.1:testCompile (default-testCompile) @ messageml ---
16:39:55.753 [INFO]   [Refactoring] out: [INFO] Nothing to compile - all classes are up to date
16:39:55.755 [INFO]   [Refactoring] deserializing line [DIFFBLUE]{"__type":"com.diffblue.cover.buildsystem.model.DefaultEventMessage","project":"org.symphonyoss.symphony:messageml","goal":"testCompile","cause":null,"state":"SUCCESS"}
16:39:55.756 [INFO]   [Refactoring] deserializing line [DIFFBLUE]{"__type":"com.diffblue.cover.buildsystem.model.DefaultEventMessage","project":"org.symphonyoss.symphony:messageml","goal":"run","cause":null,"state":"SUCCESS"}
16:39:55.758 [INFO]   [Refactoring] deserializing line [DIFFBLUE]{"__type":"com.diffblue.cover.buildsystem.model.DefaultEventMessage","project":"org.symphonyoss.symphony:messageml","goal":"run","cause":null,"state":"SUCCESS"}
16:39:55.760 [INFO]   [Refactoring] out: [INFO] 
16:39:55.760 [INFO]   [Refactoring] out: [INFO] <<< rewrite-maven-plugin:6.15.0:run (default-cli) < process-test-classes @ messageml <<<
16:39:55.760 [INFO]   [Refactoring] out: [INFO] 
16:39:55.760 [INFO]   [Refactoring] deserializing line [DIFFBLUE]{"__type":"com.diffblue.cover.buildsystem.model.DefaultEventMessage","project":"org.symphonyoss.symphony:messageml","goal":"run","cause":null,"state":"STARTED"}
16:39:55.762 [INFO]   [Refactoring] out: [INFO] 
16:39:55.762 [INFO]   [Refactoring] out: [INFO] --- rewrite-maven-plugin:6.15.0:run (default-cli) @ messageml ---
16:39:55.982 [INFO]   [Refactoring] out: [INFO] Downloading from central: https://repo.maven.apache.org/maven2/org/codehaus/plexus/plexus-utils/1.1/plexus-utils-1.1.jar
16:39:56.259 [INFO]   [Refactoring] out: [INFO] Downloaded from central: https://repo.maven.apache.org/maven2/org/codehaus/plexus/plexus-utils/1.1/plexus-utils-1.1.jar (169 kB at 604 kB/s)
16:39:56.376 [INFO]   [Refactoring] out: [INFO] Using active recipe(s) [com.diffblue.cover.refactoring.Recipe]
16:39:56.376 [INFO]   [Refactoring] out: [INFO] Using active styles(s) [org.openrewrite.java.Autodetect]
16:39:58.061 [INFO]   [Refactoring] out: [INFO] Validating active recipes...
16:39:58.337 [INFO]   [Refactoring] out: [INFO] Project [MessageML Utils] Resolving Poms...
16:39:58.663 [INFO]   [Refactoring] err: WARNING: An illegal reflective access operation has occurred
16:39:58.663 [INFO]   [Refactoring] err: WARNING: Illegal reflective access by org.openrewrite.java.internal.JavaTypeCache (file:/home/jbergqvist/.m2/repository/org/openrewrite/rewrite-java/8.59.1/rewrite-java-8.59.1.jar) to field java.lang.String.value
16:39:58.663 [INFO]   [Refactoring] err: WARNING: Please consider reporting this to the maintainers of org.openrewrite.java.internal.JavaTypeCache
16:39:58.663 [INFO]   [Refactoring] err: WARNING: Use --illegal-access=warn to enable warnings of further illegal reflective access operations
16:39:58.663 [INFO]   [Refactoring] err: WARNING: All illegal access operations will be denied in a future release
16:39:58.681 [INFO]   [Refactoring] out: [INFO] Project [MessageML Utils] Parsing source files
16:40:06.664 [INFO]   [Refactoring] out: [WARNING] There were problems parsing some source files, run with --errors to see full stack traces
16:40:06.664 [INFO]   [Refactoring] out: [WARNING] There were problems parsing src/test/resources/examples/complex.xml
16:40:07.276 [INFO]   [Refactoring] out: [INFO] Running recipe(s)...
16:40:08.644 [INFO]   [Refactoring] out: [ERROR] The recipe produced an error. Please report this to the recipe author.
16:40:08.699 [INFO]   [Refactoring] deserializing line [DIFFBLUE]{"__type":"com.diffblue.cover.buildsystem.model.DefaultProjectModuleMessage","project":{"__type":"DefaultProjectModule","junitReport":["/home/jbergqvist/diffblue/finos-messageml-utils/target/surefire-reports"],"jacocoReport":["/home/jbergqvist/diffblue/finos-messageml-utils/target/site/jacoco/jacoco.xml"],"jacocoDestFile":["/home/jbergqvist/diffblue/finos-messageml-utils/target/jacoco.exec"],"jacocoFormats":["xml"],"jacocoSkipped":false,"classpath":["/home/jbergqvist/diffblue/finos-messageml-utils/target/classes","/home/jbergqvist/.m2/repository/org/projectlombok/lombok/1.18.42/lombok-1.18.42.jar","/home/jbergqvist/.m2/repository/com/github/java-json-tools/json-schema-validator/2.2.14/json-schema-validator-2.2.14.jar","/home/jbergqvist/.m2/repository/com/github/java-json-tools/jackson-coreutils-equivalence/1.0/jackson-coreutils-equivalence-1.0.jar","/home/jbergqvist/.m2/repository/com/github/java-json-tools/jackson-coreutils/2.0/jackson-coreutils-2.0.jar","/home/jbergqvist/.m2/repository/com/github/java-json-tools/msg-simple/1.2/msg-simple-1.2.jar","/home/jbergqvist/.m2/repository/com/github/java-json-tools/btf/1.3/btf-1.3.jar","/home/jbergqvist/.m2/repository/com/github/java-json-tools/json-schema-core/1.2.14/json-schema-core-1.2.14.jar","/home/jbergqvist/.m2/repository/com/github/java-json-tools/uri-template/0.10/uri-template-0.10.jar","/home/jbergqvist/.m2/repository/com/sun/mail/mailapi/1.6.2/mailapi-1.6.2.jar","/home/jbergqvist/.m2/repository/joda-time/joda-time/2.10.5/joda-time-2.10.5.jar","/home/jbergqvist/.m2/repository/com/googlecode/libphonenumber/libphonenumber/8.11.1/libphonenumber-8.11.1.jar","/home/jbergqvist/.m2/repository/com/google/code/findbugs/jsr305/3.0.2/jsr305-3.0.2.jar","/home/jbergqvist/.m2/repository/net/sf/jopt-simple/jopt-simple/5.0.4/jopt-simple-5.0.4.jar","/home/jbergqvist/.m2/repository/org/mozilla/rhino/1.7.13/rhino-1.7.13.jar","/home/jbergqvist/.m2/repository/com/google/guava/guava/32.1.2-jre/guava-32.1.2-jre.jar","/home/jbergqvist/.m2/repository/com/google/guava/failureaccess/1.0.1/failureaccess-1.0.1.jar","/home/jbergqvist/.m2/repository/com/google/guava/listenablefuture/9999.0-empty-to-avoid-conflict-with-guava/listenablefuture-9999.0-empty-to-avoid-conflict-with-guava.jar","/home/jbergqvist/.m2/repository/org/checkerframework/checker-qual/3.33.0/checker-qual-3.33.0.jar","/home/jbergqvist/.m2/repository/com/google/errorprone/error_prone_annotations/2.18.0/error_prone_annotations-2.18.0.jar","/home/jbergqvist/.m2/repository/com/google/j2objc/j2objc-annotations/2.8/j2objc-annotations-2.8.jar","/home/jbergqvist/.m2/repository/com/fasterxml/jackson/core/jackson-core/2.15.2/jackson-core-2.15.2.jar","/home/jbergqvist/.m2/repository/com/fasterxml/jackson/core/jackson-databind/2.15.2/jackson-databind-2.15.2.jar","/home/jbergqvist/.m2/repository/com/fasterxml/jackson/core/jackson-annotations/2.15.2/jackson-annotations-2.15.2.jar","/home/jbergqvist/.m2/repository/commons-io/commons-io/2.11.0/commons-io-2.11.0.jar","/home/jbergqvist/.m2/repository/org/apache/commons/commons-lang3/3.12.0/commons-lang3-3.12.0.jar","/home/jbergqvist/.m2/repository/org/freemarker/freemarker/2.3.31/freemarker-2.3.31.jar","/home/jbergqvist/.m2/repository/org/slf4j/slf4j-api/1.7.32/slf4j-api-1.7.32.jar","/home/jbergqvist/.m2/repository/com/diffblue/cover/cover-annotations/1.8.0/cover-annotations-1.8.0.jar","/home/jbergqvist/.m2/repository/com/atlassian/commonmark/commonmark/0.15.2/commonmark-0.15.2.jar","/home/jbergqvist/.m2/repository/org/junit/jupiter/junit-jupiter-api/5.8.2/junit-jupiter-api-5.8.2.jar","/home/jbergqvist/.m2/repository/org/opentest4j/opentest4j/1.2.0/opentest4j-1.2.0.jar","/home/jbergqvist/.m2/repository/org/junit/platform/junit-platform-commons/1.8.2/junit-platform-commons-1.8.2.jar","/home/jbergqvist/.m2/repository/org/apiguardian/apiguardian-api/1.1.2/apiguardian-api-1.1.2.jar","/home/jbergqvist/.m2/repository/org/junit/jupiter/junit-jupiter-params/5.8.2/junit-jupiter-params-5.8.2.jar","/home/jbergqvist/.m2/repository/org/junit/jupiter/junit-jupiter-engine/5.8.2/junit-jupiter-engine-5.8.2.jar","/home/jbergqvist/.m2/repository/org/junit/platform/junit-platform-engine/1.8.2/junit-platform-engine-1.8.2.jar","/home/jbergqvist/.m2/repository/org/junit/vintage/junit-vintage-engine/5.8.2/junit-vintage-engine-5.8.2.jar","/home/jbergqvist/.m2/repository/junit/junit/4.13.2/junit-4.13.2.jar","/home/jbergqvist/.m2/repository/org/hamcrest/hamcrest-core/1.3/hamcrest-core-1.3.jar","/home/jbergqvist/.m2/repository/org/mockito/mockito-core/4.0.0/mockito-core-4.0.0.jar","/home/jbergqvist/.m2/repository/net/bytebuddy/byte-buddy/1.11.19/byte-buddy-1.11.19.jar","/home/jbergqvist/.m2/repository/net/bytebuddy/byte-buddy-agent/1.11.19/byte-buddy-agent-1.11.19.jar","/home/jbergqvist/.m2/repository/org/objenesis/objenesis/3.2/objenesis-3.2.jar","/home/jbergqvist/.m2/repository/org/openjdk/jmh/jmh-core/1.33/jmh-core-1.33.jar","/home/jbergqvist/.m2/repository/org/apache/commons/commons-math3/3.2/commons-math3-3.2.jar","/home/jbergqvist/.m2/repository/org/openjdk/jmh/jmh-generator-annprocess/1.33/jmh-generator-annprocess-1.33.jar","/home/jbergqvist/.m2/repository/org/xmlunit/xmlunit-core/2.8.3/xmlunit-core-2.8.3.jar","/home/jbergqvist/.m2/repository/jakarta/xml/bind/jakarta.xml.bind-api/2.3.3/jakarta.xml.bind-api-2.3.3.jar","/home/jbergqvist/.m2/repository/jakarta/activation/jakarta.activation-api/1.2.2/jakarta.activation-api-1.2.2.jar","/home/jbergqvist/.m2/repository/ch/qos/logback/logback-classic/1.2.9/logback-classic-1.2.9.jar","/home/jbergqvist/.m2/repository/ch/qos/logback/logback-core/1.2.9/logback-core-1.2.9.jar"],"complianceLevel":"1.8","productionSources":["/home/jbergqvist/diffblue/finos-messageml-utils/src/main/java"],"testSources":["/home/jbergqvist/diffblue/finos-messageml-utils/src/test/java"],"productionClasses":"/home/jbergqvist/diffblue/finos-messageml-utils/target/classes","testClasses":"/home/jbergqvist/diffblue/finos-messageml-utils/target/test-classes","sourceToBuildPathMap":null,"testSourceToBuildPathMap":null,"buildDirectory":"/home/jbergqvist/diffblue/finos-messageml-utils/target","plugins":[{"__type":"DefaultPlugin","groupId":"org.apache.maven.plugins","artefactId":"maven-surefire-plugin","version":"2.22.2","pluginClassName":null},{"__type":"DefaultPlugin","groupId":"org.apache.maven.plugins","artefactId":"maven-clean-plugin","version":"2.5","pluginClassName":null},{"__type":"DefaultPlugin","groupId":"org.apache.maven.plugins","artefactId":"maven-resources-plugin","version":"2.6","pluginClassName":null},{"__type":"DefaultPlugin","groupId":"org.apache.maven.plugins","artefactId":"maven-jar-plugin","version":"3.2.2","pluginClassName":null},{"__type":"DefaultPlugin","groupId":"org.apache.maven.plugins","artefactId":"maven-compiler-plugin","version":"3.1","pluginClassName":null},{"__type":"DefaultPlugin","groupId":"org.apache.maven.plugins","artefactId":"maven-install-plugin","version":"2.4","pluginClassName":null},{"__type":"DefaultPlugin","groupId":"org.apache.maven.plugins","artefactId":"maven-deploy-plugin","version":"3.0.0-M1","pluginClassName":null},{"__type":"DefaultPlugin","groupId":"org.apache.maven.plugins","artefactId":"maven-site-plugin","version":"3.3","pluginClassName":null}],"version":"3.8.4","encoding":"UTF-8","name":"maven","subModules":[],"simpleModuleName":null,"parentModuleName":null,"location":"/home/jbergqvist/diffblue/finos-messageml-utils","fullModuleName":"org.symphonyoss.symphony:messageml"}}
16:40:08.706 [INFO]   [Refactoring] out: [INFO] ------------------------------------------------------------------------
16:40:08.707 [INFO]   [Refactoring] out: [INFO] BUILD FAILURE
16:40:08.707 [INFO]   [Refactoring] out: [INFO] ------------------------------------------------------------------------
16:40:08.707 [INFO]   [Refactoring] out: [INFO] Total time:  13.467 s
16:40:08.707 [INFO]   [Refactoring] out: [INFO] Finished at: 2026-01-09T16:40:08Z
16:40:08.707 [INFO]   [Refactoring] out: [INFO] ------------------------------------------------------------------------
16:40:08.707 [INFO]   [Refactoring] deserializing line [DIFFBLUE]{"__type":"com.diffblue.cover.buildsystem.model.ProjectInfoMessage","projectName":"org.symphonyoss.symphony:messageml","productionSources":["/home/jbergqvist/diffblue/finos-messageml-utils/src/main/java"],"testSources":["/home/jbergqvist/diffblue/finos-messageml-utils/src/test/java"],"location":"/home/jbergqvist/diffblue/finos-messageml-utils"}
16:40:08.708 [INFO]   [Refactoring] out: [ERROR] Failed to execute goal org.openrewrite.maven:rewrite-maven-plugin:6.15.0:run (default-cli) on project messageml: Execution default-cli of goal org.openrewrite.maven:rewrite-maven-plugin:6.15.0:run failed: Error while visiting src/main/java/org/symphonyoss/symphony/messageml/util/ShortID.java: java.lang.NullPointerException: null
16:40:08.708 [INFO]   [Refactoring] out: [ERROR]   org.openrewrite.java.internal.template.Substitutions.substituteUntyped(Substitutions.java:189)
16:40:08.708 [INFO]   [Refactoring] out: [ERROR]   org.openrewrite.java.internal.template.Substitutions.lambda$substitute$0(Substitutions.java:82)
16:40:08.708 [INFO]   [Refactoring] out: [ERROR]   org.openrewrite.internal.PropertyPlaceholderHelper.parseStringValue(PropertyPlaceholderHelper.java:98)
16:40:08.709 [INFO]   [Refactoring] out: [ERROR]   org.openrewrite.internal.PropertyPlaceholderHelper.replacePlaceholders(PropertyPlaceholderHelper.java:74)
16:40:08.709 [INFO]   [Refactoring] out: [ERROR]   org.openrewrite.java.internal.template.Substitutions.substitute(Substitutions.java:60)
16:40:08.709 [INFO]   [Refactoring] out: [ERROR]   org.openrewrite.java.JavaTemplate.apply(JavaTemplate.java:114)
16:40:08.709 [INFO]   [Refactoring] out: [ERROR]   com.diffblue.cover.refactoring.recipes.AddGetterVisitor.visitClassDeclaration(AddGetterVisitor.java:109)
16:40:08.709 [INFO]   [Refactoring] out: [ERROR]   com.diffblue.cover.refactoring.recipes.AddGetterVisitor.visitClassDeclaration(AddGetterVisitor.java:32)
16:40:08.709 [INFO]   [Refactoring] out: [ERROR]   org.openrewrite.java.tree.J$ClassDeclaration.acceptJava(J.java:1385)
16:40:08.709 [INFO]   [Refactoring] out: [ERROR]   org.openrewrite.java.tree.J.accept(J.java:60)
16:40:08.709 [INFO]   [Refactoring] out: [ERROR]   org.openrewrite.TreeVisitor.visit(TreeVisitor.java:245)
16:40:08.709 [INFO]   [Refactoring] out: [ERROR]   org.openrewrite.TreeVisitor.visitAndCast(TreeVisitor.java:311)
16:40:08.709 [INFO]   [Refactoring] out: [ERROR]   org.openrewrite.java.JavaVisitor.lambda$visitCompilationUnit$9(JavaVisitor.java:499)
16:40:08.709 [INFO]   [Refactoring] out: [ERROR]   org.openrewrite.internal.ListUtils.map(ListUtils.java:244)
16:40:08.709 [INFO]   [Refactoring] out: [ERROR]   org.openrewrite.internal.ListUtils.map(ListUtils.java:267)
16:40:08.709 [INFO]   [Refactoring] out: [ERROR]   org.openrewrite.java.JavaVisitor.visitCompilationUnit(JavaVisitor.java:499)
16:40:08.709 [INFO]   [Refactoring] out: [ERROR]   ...
16:40:08.709 [INFO]   [Refactoring] out: [ERROR] -> [Help 1]
16:40:08.710 [INFO]   [Refactoring] out: [ERROR] 
16:40:08.710 [INFO]   [Refactoring] out: [ERROR] To see the full stack trace of the errors, re-run Maven with the -e switch.
16:40:08.710 [INFO]   [Refactoring] out: [ERROR] Re-run Maven using the -X switch to enable full debug logging.
16:40:08.710 [INFO]   [Refactoring] out: [ERROR] 
16:40:08.710 [INFO]   [Refactoring] out: [ERROR] For more information about the errors and possible solutions, please read the following articles:
16:40:08.710 [INFO]   [Refactoring] out: [ERROR] [Help 1] http://cwiki.apache.org/confluence/display/MAVEN/PluginExecutionException
16:40:08.900 [INFO]   [Refactoring] maven:err process not stopped, joining thread
16:40:08.900 [INFO]   [Refactoring] maven:out process not stopped, joining thread
16:40:08.900 [WARN]   [Refactoring] Refactorings failed. Restoring changes.
16:40:08.911 [ERROR]  [Refactoring] E041: Failed to apply refactoring
The execution of the refactoring command failed:
/home/jbergqvist/diffblue/finos-messageml-utils/mvnw -Dmaven.ext.class.path=/opt/cover/cover-buildsystem-maven-spy-jar-with-dependencies.jar -Dcom.diffblue.cover.skipTests=true -DskipTestOptimizer --batch-mode --projects=org.symphonyoss.symphony:messageml --global-settings=/home/jbergqvist/.sdkman/candidates/maven/current/conf/settings.xml org.openrewrite.maven:rewrite-maven-plugin:run -Drewrite.activeRecipes=com.diffblue.cover.refactoring.Recipe -Drewrite.activeStyles=org.openrewrite.java.Autodetect -Drewrite.configLocation=/home/jbergqvist/diffblue/finos-messageml-utils/.diffblue/refactorings.yml
Check the output of your build system in /home/jbergqvist/diffblue/finos-messageml-utils/.diffblue/log/user-20260109T163948.log for more information.
16:40:08.913 [INFO]   [Reporting]   
16:40:08.913 [ERROR]  [Reporting]   One or more errors and warnings were logged, please review them in the log file
16:40:08.913 [INFO]   [Reporting]   Log file: /home/jbergqvist/diffblue/finos-messageml-utils/.diffblue/log/user-20260109T163948.log
16:40:08.913 [INFO]   [Reporting]   Finished in 20s
